Archive member included to satisfy reference by file (symbol)

C:/ST/STM32CubeIDE2.1.1/STM32CubeIDE/plugins/com.st.stm32cube.ide.mcu.externaltools.gnu-tools-for-stm32.14.3.rel1.win32_1.0.100.202602081740/tools/bin/../lib/gcc/arm-none-eabi/14.3.1/../../../../arm-none-eabi/lib/thumb/v7e-m+dp/hard\libc_nano.a(libc_a-exit.o)
                              C:/ST/STM32CubeIDE2.1.1/STM32CubeIDE/plugins/com.st.stm32cube.ide.mcu.externaltools.gnu-tools-for-stm32.14.3.rel1.win32_1.0.100.202602081740/tools/bin/../lib/gcc/arm-none-eabi/14.3.1/../../../../arm-none-eabi/lib/thumb/v7e-m+dp/hard/crt0.o (exit)
C:/ST/STM32CubeIDE2.1.1/STM32CubeIDE/plugins/com.st.stm32cube.ide.mcu.externaltools.gnu-tools-for-stm32.14.3.rel1.win32_1.0.100.202602081740/tools/bin/../lib/gcc/arm-none-eabi/14.3.1/../../../../arm-none-eabi/lib/thumb/v7e-m+dp/hard\libc_nano.a(libc_a-findfp.o)
                              C:/ST/STM32CubeIDE2.1.1/STM32CubeIDE/plugins/com.st.stm32cube.ide.mcu.externaltools.gnu-tools-for-stm32.14.3.rel1.win32_1.0.100.202602081740/tools/bin/../lib/gcc/arm-none-eabi/14.3.1/../../../../arm-none-eabi/lib/thumb/v7e-m+dp/hard\libc_nano.a(libc_a-exit.o) (__stdio_exit_handler)
C:/ST/STM32CubeIDE2.1.1/STM32CubeIDE/plugins/com.st.stm32cube.ide.mcu.externaltools.gnu-tools-for-stm32.14.3.rel1.win32_1.0.100.202602081740/tools/bin/../lib/gcc/arm-none-eabi/14.3.1/../../../../arm-none-eabi/lib/thumb/v7e-m+dp/hard\libc_nano.a(libc_a-fwalk.o)
                              C:/ST/STM32CubeIDE2.1.1/STM32CubeIDE/plugins/com.st.stm32cube.ide.mcu.externaltools.gnu-tools-for-stm32.14.3.rel1.win32_1.0.100.202602081740/tools/bin/../lib/gcc/arm-none-eabi/14.3.1/../../../../arm-none-eabi/lib/thumb/v7e-m+dp/hard\libc_nano.a(libc_a-findfp.o) (_fwalk_sglue)
C:/ST/STM32CubeIDE2.1.1/STM32CubeIDE/plugins/com.st.stm32cube.ide.mcu.externaltools.gnu-tools-for-stm32.14.3.rel1.win32_1.0.100.202602081740/tools/bin/../lib/gcc/arm-none-eabi/14.3.1/../../../../arm-none-eabi/lib/thumb/v7e-m+dp/hard\libc_nano.a(libc_a-stdio.o)
                              C:/ST/STM32CubeIDE2.1.1/STM32CubeIDE/plugins/com.st.stm32cube.ide.mcu.externaltools.gnu-tools-for-stm32.14.3.rel1.win32_1.0.100.202602081740/tools/bin/../lib/gcc/arm-none-eabi/14.3.1/../../../../arm-none-eabi/lib/thumb/v7e-m+dp/hard\libc_nano.a(libc_a-findfp.o) (__sread)
C:/ST/STM32CubeIDE2.1.1/STM32CubeIDE/plugins/com.st.stm32cube.ide.mcu.externaltools.gnu-tools-for-stm32.14.3.rel1.win32_1.0.100.202602081740/tools/bin/../lib/gcc/arm-none-eabi/14.3.1/../../../../arm-none-eabi/lib/thumb/v7e-m+dp/hard\libc_nano.a(libc_a-memset.o)
                              C:/ST/STM32CubeIDE2.1.1/STM32CubeIDE/plugins/com.st.stm32cube.ide.mcu.externaltools.gnu-tools-for-stm32.14.3.rel1.win32_1.0.100.202602081740/tools/bin/../lib/gcc/arm-none-eabi/14.3.1/../../../../arm-none-eabi/lib/thumb/v7e-m+dp/hard/crt0.o (memset)
C:/ST/STM32CubeIDE2.1.1/STM32CubeIDE/plugins/com.st.stm32cube.ide.mcu.externaltools.gnu-tools-for-stm32.14.3.rel1.win32_1.0.100.202602081740/tools/bin/../lib/gcc/arm-none-eabi/14.3.1/../../../../arm-none-eabi/lib/thumb/v7e-m+dp/hard\libc_nano.a(libc_a-closer.o)
                              C:/ST/STM32CubeIDE2.1.1/STM32CubeIDE/plugins/com.st.stm32cube.ide.mcu.externaltools.gnu-tools-for-stm32.14.3.rel1.win32_1.0.100.202602081740/tools/bin/../lib/gcc/arm-none-eabi/14.3.1/../../../../arm-none-eabi/lib/thumb/v7e-m+dp/hard\libc_nano.a(libc_a-stdio.o) (_close_r)
C:/ST/STM32CubeIDE2.1.1/STM32CubeIDE/plugins/com.st.stm32cube.ide.mcu.externaltools.gnu-tools-for-stm32.14.3.rel1.win32_1.0.100.202602081740/tools/bin/../lib/gcc/arm-none-eabi/14.3.1/../../../../arm-none-eabi/lib/thumb/v7e-m+dp/hard\libc_nano.a(libc_a-reent.o)
                              C:/ST/STM32CubeIDE2.1.1/STM32CubeIDE/plugins/com.st.stm32cube.ide.mcu.externaltools.gnu-tools-for-stm32.14.3.rel1.win32_1.0.100.202602081740/tools/bin/../lib/gcc/arm-none-eabi/14.3.1/../../../../arm-none-eabi/lib/thumb/v7e-m+dp/hard\libc_nano.a(libc_a-closer.o) (errno)
C:/ST/STM32CubeIDE2.1.1/STM32CubeIDE/plugins/com.st.stm32cube.ide.mcu.externaltools.gnu-tools-for-stm32.14.3.rel1.win32_1.0.100.202602081740/tools/bin/../lib/gcc/arm-none-eabi/14.3.1/../../../../arm-none-eabi/lib/thumb/v7e-m+dp/hard\libc_nano.a(libc_a-impure.o)
                              C:/ST/STM32CubeIDE2.1.1/STM32CubeIDE/plugins/com.st.stm32cube.ide.mcu.externaltools.gnu-tools-for-stm32.14.3.rel1.win32_1.0.100.202602081740/tools/bin/../lib/gcc/arm-none-eabi/14.3.1/../../../../arm-none-eabi/lib/thumb/v7e-m+dp/hard\libc_nano.a(libc_a-reent.o) (_impure_ptr)
C:/ST/STM32CubeIDE2.1.1/STM32CubeIDE/plugins/com.st.stm32cube.ide.mcu.externaltools.gnu-tools-for-stm32.14.3.rel1.win32_1.0.100.202602081740/tools/bin/../lib/gcc/arm-none-eabi/14.3.1/../../../../arm-none-eabi/lib/thumb/v7e-m+dp/hard\libc_nano.a(libc_a-lseekr.o)
[...]
Memory Configuration

Name             Origin             Length             Attributes
ITCMRAM          0x00000000         0x00010000         xrw
DTCMRAM          0x20000000         0x00020000         xrw
FLASH            0x08000000         0x00100000         xr
RAM_D1           0x24000000         0x00050000         xrw
RAM_D2           0x30000000         0x00008000         xrw
RAM_D3           0x38000000         0x00004000         xrw
*default*        0x00000000         0xffffffff

Linker script and memory map

LOAD C:/ST/STM32CubeIDE2.1.1/STM32CubeIDE/plugins/com.st.stm32cube.ide.mcu.externaltools.gnu-tools-for-stm32.14.3.rel1.win32_1.0.100.202602081740/tools/bin/../lib/gcc/arm-none-eabi/14.3.1/thumb/v7e-m+dp/hard/crti.o
LOAD C:/ST/STM32CubeIDE2.1.1/STM32CubeIDE/plugins/com.st.stm32cube.ide.mcu.externaltools.gnu-tools-for-stm32.14.3.rel1.win32_1.0.100.202602081740/tools/bin/../lib/gcc/arm-none-eabi/14.3.1/thumb/v7e-m+dp/hard/crtbegin.o
LOAD C:/ST/STM32CubeIDE2.1.1/STM32CubeIDE/plugins/com.st.stm32cube.ide.mcu.externaltools.gnu-tools-for-stm32.14.3.rel1.win32_1.0.100.202602081740/tools/bin/../lib/gcc/arm-none-eabi/14.3.1/../../../../arm-none-eabi/lib/thumb/v7e-m+dp/hard/crt0.o
LOAD ./Core/Src/main.o
LOAD ./Core/Src/stm32h7xx_hal_msp.o
LOAD ./Core/Src/stm32h7xx_it.o
LOAD ./Core/Src/syscalls.o
LOAD ./Core/Src/sysmem.o
LOAD ./Core/Src/system_stm32h7xx.o
LOAD ./Core/Startup/startup_stm32h723vgtx.o
LOAD ./Drivers/STM32H7xx_HAL_Driver/Src/stm32h7xx_hal.o
LOAD ./Drivers/STM32H7xx_HAL_Driver/Src/stm32h7xx_hal_cortex.o
LOAD ./Drivers/STM32H7xx_HAL_Driver/Src/stm32h7xx_hal_dma.o
LOAD ./Drivers/STM32H7xx_HAL_Driver/Src/stm32h7xx_hal_dma_ex.o
LOAD ./Drivers/STM32H7xx_HAL_Driver/Src/stm32h7xx_hal_exti.o
LOAD ./Drivers/STM32H7xx_HAL_Driver/Src/stm32h7xx_hal_flash.o
LOAD ./Drivers/STM32H7xx_HAL_Driver/Src/stm32h7xx_hal_flash_ex.o
LOAD ./Drivers/STM32H7xx_HAL_Driver/Src/stm32h7xx_hal_gpio.o
LOAD ./Drivers/STM32H7xx_HAL_Driver/Src/stm32h7xx_hal_hsem.o
LOAD ./Drivers/STM32H7xx_HAL_Driver/Src/stm32h7xx_hal_i2c.o
LOAD ./Drivers/STM32H7xx_HAL_Driver/Src/stm32h7xx_hal_i2c_ex.o
LOAD ./Drivers/STM32H7xx_HAL_Driver/Src/stm32h7xx_hal_mdma.o
LOAD ./Drivers/STM32H7xx_HAL_Driver/Src/stm32h7xx_hal_pwr.o
LOAD ./Drivers/STM32H7xx_HAL_Driver/Src/stm32h7xx_hal_pwr_ex.o
LOAD ./Drivers/STM32H7xx_HAL_Driver/Src/stm32h7xx_hal_rcc.o
LOAD ./Drivers/STM32H7xx_HAL_Driver/Src/stm32h7xx_hal_rcc_ex.o
LOAD ./Drivers/STM32H7xx_HAL_Driver/Src/stm32h7xx_hal_spi.o
LOAD ./Drivers/STM32H7xx_HAL_Driver/Src/stm32h7xx_hal_spi_ex.o
LOAD ./Drivers/STM32H7xx_HAL_Driver/Src/stm32h7xx_hal_tim.o
LOAD ./Drivers/STM32H7xx_HAL_Driver/Src/stm32h7xx_hal_tim_ex.o
LOAD ./Drivers/STM32H7xx_HAL_Driver/Src/stm32h7xx_hal_uart.o
LOAD ./Drivers/STM32H7xx_HAL_Driver/Src/stm32h7xx_hal_uart_ex.o
LOAD ./FATFS/App/fatfs.o
LOAD ./FATFS/Target/user_diskio.o
LOAD ./FATFS/Target/user_diskio_spi.o
LOAD ./Middlewares/Third_Party/FatFs/src/diskio.o
LOAD ./Middlewares/Third_Party/FatFs/src/ff.o
LOAD ./Middlewares/Third_Party/FatFs/src/ff_gen_drv.o
LOAD ./Middlewares/Third_Party/FatFs/src/option/syscall.o
START GROUP
LOAD C:/ST/STM32CubeIDE2.1.1/STM32CubeIDE/plugins/com.st.stm32cube.ide.mcu.externaltools.gnu-tools-for-stm32.14.3.rel1.win32_1.0.100.202602081740/tools/bin/../lib/gcc/arm-none-eabi/14.3.1/../../../../arm-none-eabi/lib/thumb/v7e-m+dp/hard\libc_nano.a
LOAD C:/ST/STM32CubeIDE2.1.1/STM32CubeIDE/plugins/com.st.stm32cube.ide.mcu.externaltools.gnu-tools-for-stm32.14.3.rel1.win32_1.0.100.202602081740/tools/bin/../lib/gcc/arm-none-eabi/14.3.1/../../../../arm-none-eabi/lib/thumb/v7e-m+dp/hard\libm.a
END GROUP
START GROUP
LOAD C:/ST/STM32CubeIDE2.1.1/STM32CubeIDE/plugins/com.st.stm32cube.ide.mcu.externaltools.gnu-tools-for-stm32.14.3.rel1.win32_1.0.100.202602081740/tools/bin/../lib/gcc/arm-none-eabi/14.3.1/thumb/v7e-m+dp/hard\libgcc.a
LOAD C:/ST/STM32CubeIDE2.1.1/STM32CubeIDE/plugins/com.st.stm32cube.ide.mcu.externaltools.gnu-tools-for-stm32.14.3.rel1.win32_1.0.100.202602081740/tools/bin/../lib/gcc/arm-none-eabi/14.3.1/../../../../arm-none-eabi/lib/thumb/v7e-m+dp/hard\libc_nano.a
END GROUP
START GROUP
LOAD C:/ST/STM32CubeIDE2.1.1/STM32CubeIDE/plugins/com.st.stm32cube.ide.mcu.externaltools.gnu-tools-for-stm32.14.3.rel1.win32_1.0.100.202602081740/tools/bin/../lib/gcc/arm-none-eabi/14.3.1/thumb/v7e-m+dp/hard\libgcc.a
LOAD C:/ST/STM32CubeIDE2.1.1/STM32CubeIDE/plugins/com.st.stm32cube.ide.mcu.externaltools.gnu-tools-for-stm32.14.3.rel1.win32_1.0.100.202602081740/tools/bin/../lib/gcc/arm-none-eabi/14.3.1/../../../../arm-none-eabi/lib/thumb/v7e-m+dp/hard\libc_nano.a
LOAD C:/ST/STM32CubeIDE2.1.1/STM32CubeIDE/plugins/com.st.stm32cube.ide.mcu.externaltools.gnu-tools-for-stm32.14.3.rel1.win32_1.0.100.202602081740/tools/bin/../lib/gcc/arm-none-eabi/14.3.1/../../../../arm-none-eabi/lib/thumb/v7e-m+dp/hard\libnosys.a
END GROUP
START GROUP
LOAD C:/ST/STM32CubeIDE2.1.1/STM32CubeIDE/plugins/com.st.stm32cube.ide.mcu.externaltools.gnu-tools-for-stm32.14.3.rel1.win32_1.0.100.202602081740/tools/bin/../lib/gcc/arm-none-eabi/14.3.1/thumb/v7e-m+dp/hard\libgcc.a
LOAD C:/ST/STM32CubeIDE2.1.1/STM32CubeIDE/plugins/com.st.stm32cube.ide.mcu.externaltools.gnu-tools-for-stm32.14.3.rel1.win32_1.0.100.202602081740/tools/bin/../lib/gcc/arm-none-eabi/14.3.1/../../../../arm-none-eabi/lib/thumb/v7e-m+dp/hard\libc_nano.a
LOAD C:/ST/STM32CubeIDE2.1.1/STM32CubeIDE/plugins/com.st.stm32cube.ide.mcu.externaltools.gnu-tools-for-stm32.14.3.rel1.win32_1.0.100.202602081740/tools/bin/../lib/gcc/arm-none-eabi/14.3.1/../../../../arm-none-eabi/lib/thumb/v7e-m+dp/hard\libnosys.a
END GROUP
LOAD C:/ST/STM32CubeIDE2.1.1/STM32CubeIDE/plugins/com.st.stm32cube.ide.mcu.externaltools.gnu-tools-for-stm32.14.3.rel1.win32_1.0.100.202602081740/tools/bin/../lib/gcc/arm-none-eabi/14.3.1/thumb/v7e-m+dp/hard/crtend.o
LOAD C:/ST/STM32CubeIDE2.1.1/STM32CubeIDE/plugins/com.st.stm32cube.ide.mcu.externaltools.gnu-tools-for-stm32.14.3.rel1.win32_1.0.100.202602081740/tools/bin/../lib/gcc/arm-none-eabi/14.3.1/thumb/v7e-m+dp/hard/crtn.o
                0x24050000                        _estack = (ORIGIN (RAM_D1) + LENGTH (RAM_D1))
                0x00000200                        _Min_Heap_Size = 0x200
                0x00000400                        _Min_Stack_Size = 0x400

.isr_vector     0x08000000      0x2cc
                0x08000000                        . = ALIGN (0x4)
 *(.isr_vector)
 .isr_vector    0x08000000      0x2cc ./Core/Startup/startup_stm32h723vgtx.o
                0x08000000                g_pfnVectors
                0x080002cc                        . = ALIGN (0x4)

.text           0x080002cc     0x9b64
                0x080002cc                        . = ALIGN (0x4)
 *(.text)
 .text          0x080002cc       0x40 C:/ST/STM32CubeIDE2.1.1/STM32CubeIDE/plugins/com.st.stm32cube.ide.mcu.externaltools.gnu-tools-for-stm32.14.3.rel1.win32_1.0.100.202602081740/tools/bin/../lib/gcc/arm-none-eabi/14.3.1/thumb/v7e-m+dp/hard/crtbegin.o
 .text          0x0800030c       0x30 C:/ST/STM32CubeIDE2.1.1/STM32CubeIDE/plugins/com.st.stm32cube.ide.mcu.externaltools.gnu-tools-for-stm32.14.3.rel1.win32_1.0.100.202602081740/tools/bin/../lib/gcc/arm-none-eabi/14.3.1/thumb/v7e-m+dp/hard\libgcc.a(_aeabi_uldivmod.o)
                0x0800030c                __aeabi_uldivmod
 .text          0x0800033c      0x2f8 C:/ST/STM32CubeIDE2.1.1/STM32CubeIDE/plugins/com.st.stm32cube.ide.mcu.externaltools.gnu-tools-for-stm32.14.3.rel1.win32_1.0.100.202602081740/tools/bin/../lib/gcc/arm-none-eabi/14.3.1/thumb/v7e-m+dp/hard\libgcc.a(_udivmoddi4.o)
                0x0800033c                __udivmoddi4
 .text          0x08000634        0x4 C:/ST/STM32CubeIDE2.1.1/STM32CubeIDE/plugins/com.st.stm32cube.ide.mcu.externaltools.gnu-tools-for-stm32.14.3.rel1.win32_1.0.100.202602081740/tools/bin/../lib/gcc/arm-none-eabi/14.3.1/thumb/v7e-m+dp/hard\libgcc.a(_dvmd_tls.o)
                0x08000634                __aeabi_idiv0
                0x08000634                __aeabi_ldiv0
 *(.text*)
 .text.crc32b   0x08000638       0x6c ./Core/Src/main.o
                0x08000638                crc32b
 .text.uart_printf
                0x080006a4      0x3d0 ./Core/Src/main.o
                0x080006a4                uart_printf
 .text.compareFlashToFile
                0x08000a74      0x114 ./Core/Src/main.o
                0x08000a74                compareFlashToFile
 .text.CopyFileToFlashMemory
                0x08000b88      0x178 ./Core/Src/main.o
                0x08000b88                CopyFileToFlashMemory
 .text.main     0x08000d00      0x3fc ./Core/Src/main.o
                0x08000d00                main
 .text.SystemClock_Config
                0x080010fc       0xe0 ./Core/Src/main.o
                0x080010fc                SystemClock_Config
 .text.PeriphCommonClock_Config
                0x080011dc       0x3c ./Core/Src/main.o
                0x080011dc                PeriphCommonClock_Config
 .text.MX_SPI2_Init
                0x08001218       0xac ./Core/Src/main.o
 .text.MX_USART1_UART_Init
                0x080012c4       0x9c ./Core/Src/main.o
 .text.MX_GPIO_Init
                0x08001360       0x54 ./Core/Src/main.o
 .text.MPU_Config
                0x080013b4       0x58 ./Core/Src/main.o
 .text.Error_Handler
                0x0800140c        0xc ./Core/Src/main.o
                0x0800140c                Error_Handler
 .text.HAL_MspInit
                0x08001418       0x34 ./Core/Src/stm32h7xx_hal_msp.o
                0x08001418                HAL_MspInit
 .text.HAL_SPI_MspInit
                0x0800144c       0xd4 ./Core/Src/stm32h7xx_hal_msp.o
                0x0800144c                HAL_SPI_MspInit
 .text.HAL_UART_MspInit
                0x08001520       0xd4 ./Core/Src/stm32h7xx_hal_msp.o
                0x08001520                HAL_UART_MspInit
 .text.NMI_Handler
                0x080015f4        0x8 ./Core/Src/stm32h7xx_it.o
                0x080015f4                NMI_Handler
 .text.HardFault_Handler
                0x080015fc        0x8 ./Core/Src/stm32h7xx_it.o
                0x080015fc                HardFault_Handler
 .text.MemManage_Handler
                0x08001604        0x8 ./Core/Src/stm32h7xx_it.o
                0x08001604                MemManage_Handler
 .text.BusFault_Handler
                0x0800160c        0x8 ./Core/Src/stm32h7xx_it.o
                0x0800160c                BusFault_Handler
 .text.UsageFault_Handler
                0x08001614        0x8 ./Core/Src/stm32h7xx_it.o
                0x08001614                UsageFault_Handler
 .text.SVC_Handler
                0x0800161c        0xe ./Core/Src/stm32h7xx_it.o
                0x0800161c                SVC_Handler
 .text.DebugMon_Handler
                0x0800162a        0xe ./Core/Src/stm32h7xx_it.o
                0x0800162a                DebugMon_Handler
 .text.PendSV_Handler
                0x08001638        0xe ./Core/Src/stm32h7xx_it.o
                0x08001638                PendSV_Handler
 .text.SysTick_Handler
                0x08001646        0xc ./Core/Src/stm32h7xx_it.o
                0x08001646                SysTick_Handler
 *fill*         0x08001652        0x2 
 .text.SystemInit
                0x08001654      0x120 ./Core/Src/system_stm32h7xx.o
                0x08001654                SystemInit
 .text.ExitRun0Mode
                0x08001774       0x18 ./Core/Src/system_stm32h7xx.o
                0x08001774                ExitRun0Mode
 .text.Reset_Handler
                0x0800178c       0x54 ./Core/Startup/startup_stm32h723vgtx.o
                0x0800178c                Reset_Handler
 .text.Default_Handler
                0x080017e0        0x2 ./Core/Startup/startup_stm32h723vgtx.o
                0x080017e0                RTC_Alarm_IRQHandler
                0x080017e0                EXTI2_IRQHandler
                0x080017e0                TIM8_CC_IRQHandler
                0x080017e0                UART8_IRQHandler
                0x080017e0                SPI4_IRQHandler
                0x080017e0                FDCAN3_IT0_IRQHandler
                0x080017e0                TIM1_CC_IRQHandler
                0x080017e0                BDMA_Channel6_IRQHandler
                0x080017e0                DMA2_Stream5_IRQHandler
                0x080017e0                DMA1_Stream5_IRQHandler
                0x080017e0                CORDIC_IRQHandler
                0x080017e0                BDMA_Channel1_IRQHandler
                0x080017e0                TAMP_STAMP_IRQHandler
                0x080017e0                EXTI3_IRQHandler
                0x080017e0                LPTIM4_IRQHandler
                0x080017e0                TIM8_TRG_COM_TIM14_IRQHandler
                0x080017e0                LPTIM2_IRQHandler
                0x080017e0                DFSDM1_FLT1_IRQHandler
                0x080017e0                DMAMUX2_OVR_IRQHandler
                0x080017e0                TIM8_UP_TIM13_IRQHandler
                0x080017e0                I2C3_ER_IRQHandler
                0x080017e0                DFSDM1_FLT2_IRQHandler
                0x080017e0                I2C5_EV_IRQHandler
                0x080017e0                USART10_IRQHandler
                0x080017e0                MDMA_IRQHandler
                0x080017e0                LPTIM3_IRQHandler
                0x080017e0                HSEM1_IRQHandler
                0x080017e0                EXTI0_IRQHandler
                0x080017e0                I2C2_EV_IRQHandler
                0x080017e0                DMA1_Stream2_IRQHandler
                0x080017e0                FPU_IRQHandler
                0x080017e0                OTG_HS_WKUP_IRQHandler
                0x080017e0                FDCAN1_IT1_IRQHandler
                0x080017e0                LTDC_ER_IRQHandler
                0x080017e0                DMA2_Stream2_IRQHandler
                0x080017e0                SPI1_IRQHandler
                0x080017e0                OCTOSPI1_IRQHandler
                0x080017e0                TIM6_DAC_IRQHandler
                0x080017e0                DMA2_Stream3_IRQHandler
                0x080017e0                OCTOSPI2_IRQHandler
                0x080017e0                DFSDM1_FLT3_IRQHandler
                0x080017e0                TIM23_IRQHandler
                0x080017e0                USART6_IRQHandler
                0x080017e0                TIM17_IRQHandler
                0x080017e0                USART3_IRQHandler
                0x080017e0                BDMA_Channel7_IRQHandler
                0x080017e0                LPTIM5_IRQHandler
                0x080017e0                UART5_IRQHandler
                0x080017e0                ADC3_IRQHandler
                0x080017e0                DMA2_Stream0_IRQHandler
                0x080017e0                TIM4_IRQHandler
                0x080017e0                BDMA_Channel2_IRQHandler
                0x080017e0                I2C1_EV_IRQHandler
                0x080017e0                DMA1_Stream6_IRQHandler
                0x080017e0                DMAMUX1_OVR_IRQHandler
                0x080017e0                DMA1_Stream1_IRQHandler
                0x080017e0                TIM16_IRQHandler
                0x080017e0                UART4_IRQHandler
                0x080017e0                BDMA_Channel5_IRQHandler
                0x080017e0                TIM3_IRQHandler
                0x080017e0                RCC_IRQHandler
                0x080017e0                UART9_IRQHandler
                0x080017e0                TIM8_BRK_TIM12_IRQHandler
                0x080017e0                TIM1_TRG_COM_IRQHandler
                0x080017e0                Default_Handler
                0x080017e0                ECC_IRQHandler
                0x080017e0                FMAC_IRQHandler
                0x080017e0                CEC_IRQHandler
                0x080017e0                EXTI15_10_IRQHandler
                0x080017e0                BDMA_Channel0_IRQHandler
                0x080017e0                ADC_IRQHandler
                0x080017e0                I2C5_ER_IRQHandler
                0x080017e0                DMA1_Stream7_IRQHandler
                0x080017e0                SPI5_IRQHandler
                0x080017e0                TIM7_IRQHandler
                0x080017e0                FDCAN3_IT1_IRQHandler
                0x080017e0                SDMMC1_IRQHandler
                0x080017e0                TIM5_IRQHandler
                0x080017e0                DMA2_Stream7_IRQHandler
                0x080017e0                TIM15_IRQHandler
                0x080017e0                PVD_AVD_IRQHandler
                0x080017e0                I2C3_EV_IRQHandler
                0x080017e0                EXTI9_5_IRQHandler
                0x080017e0                RTC_WKUP_IRQHandler
                0x080017e0                LTDC_IRQHandler
                0x080017e0                ETH_WKUP_IRQHandler
                0x080017e0                SPDIF_RX_IRQHandler
                0x080017e0                SPI2_IRQHandler
                0x080017e0                OTG_HS_EP1_IN_IRQHandler
                0x080017e0                DMA1_Stream0_IRQHandler
                0x080017e0                TIM24_IRQHandler
                0x080017e0                CRS_IRQHandler
                0x080017e0                EXTI4_IRQHandler
                0x080017e0                RNG_IRQHandler
                0x080017e0                FDCAN2_IT1_IRQHandler
                0x080017e0                ETH_IRQHandler
                0x080017e0                TIM1_UP_IRQHandler
                0x080017e0                BDMA_Channel4_IRQHandler
                0x080017e0                OTG_HS_EP1_OUT_IRQHandler
                0x080017e0                WWDG_IRQHandler
                0x080017e0                SPI6_IRQHandler
                0x080017e0                MDIOS_IRQHandler
                0x080017e0                I2C4_EV_IRQHandler
                0x080017e0                FDCAN2_IT0_IRQHandler
                0x080017e0                LPUART1_IRQHandler
                0x080017e0                FDCAN1_IT0_IRQHandler
                0x080017e0                TIM2_IRQHandler
                0x080017e0                OTG_HS_IRQHandler
                0x080017e0                DMA2D_IRQHandler
                0x080017e0                TIM1_BRK_IRQHandler
                0x080017e0                EXTI1_IRQHandler
                0x080017e0                SDMMC2_IRQHandler
                0x080017e0                BDMA_Channel3_IRQHandler
                0x080017e0                DTS_IRQHandler
                0x080017e0                UART7_IRQHandler
                0x080017e0                MDIOS_WKUP_IRQHandler
                0x080017e0                USART2_IRQHandler
                0x080017e0                DFSDM1_FLT0_IRQHandler
                0x080017e0                SAI4_IRQHandler
                0x080017e0                I2C2_ER_IRQHandler
                0x080017e0                DMA2_Stream1_IRQHandler
                0x080017e0                FLASH_IRQHandler
                0x080017e0                DMA2_Stream4_IRQHandler
                0x080017e0                USART1_IRQHandler
                0x080017e0                SPI3_IRQHandler
                0x080017e0                WAKEUP_PIN_IRQHandler
                0x080017e0                DMA1_Stream4_IRQHandler
                0x080017e0                I2C1_ER_IRQHandler
                0x080017e0                FMC_IRQHandler
                0x080017e0                FDCAN_CAL_IRQHandler
                0x080017e0                SWPMI1_IRQHandler
                0x080017e0                COMP1_IRQHandler
                0x080017e0                LPTIM1_IRQHandler
                0x080017e0                DCMI_PSSI_IRQHandler
                0x080017e0                I2C4_ER_IRQHandler
                0x080017e0                DMA2_Stream6_IRQHandler
                0x080017e0                SAI1_IRQHandler
                0x080017e0                DMA1_Stream3_IRQHandler
 *fill*         0x080017e2        0x2 
 .text.HAL_Init
                0x080017e4       0x78 ./Drivers/STM32H7xx_HAL_Driver/Src/stm32h7xx_hal.o
                0x080017e4                HAL_Init
 .text.HAL_DeInit
                0x0800185c       0xc0 ./Drivers/STM32H7xx_HAL_Driver/Src/stm32h7xx_hal.o
                0x0800185c                HAL_DeInit
 .text.HAL_MspDeInit
                0x0800191c        0xe ./Drivers/STM32H7xx_HAL_Driver/Src/stm32h7xx_hal.o
                0x0800191c                HAL_MspDeInit
 *fill*         0x0800192a        0x2 
 .text.HAL_InitTick
                0x0800192c       0x6c ./Drivers/STM32H7xx_HAL_Driver/Src/stm32h7xx_hal.o
                0x0800192c                HAL_InitTick
 .text.HAL_IncTick
                0x08001998       0x28 ./Drivers/STM32H7xx_HAL_Driver/Src/stm32h7xx_hal.o
                0x08001998                HAL_IncTick
 .text.HAL_GetTick
                0x080019c0       0x18 ./Drivers/STM32H7xx_HAL_Driver/Src/stm32h7xx_hal.o
                0x080019c0                HAL_GetTick
 .text.HAL_Delay
                0x080019d8       0x48 ./Drivers/STM32H7xx_HAL_Driver/Src/stm32h7xx_hal.o
                0x080019d8                HAL_Delay
 .text.__NVIC_SetPriorityGrouping
                0x08001a20       0x48 ./Drivers/STM32H7xx_HAL_Driver/Src/stm32h7xx_hal_cortex.o
 .text.__NVIC_GetPriorityGrouping
                0x08001a68       0x1c ./Drivers/STM32H7xx_HAL_Driver/Src/stm32h7xx_hal_cortex.o
 .text.__NVIC_SetPriority
                0x08001a84       0x54 ./Drivers/STM32H7xx_HAL_Driver/Src/stm32h7xx_hal_cortex.o
 .text.NVIC_EncodePriority
                0x08001ad8       0x66 ./Drivers/STM32H7xx_HAL_Driver/Src/stm32h7xx_hal_cortex.o
 *fill*         0x08001b3e        0x2 
 .text.SysTick_Config
                0x08001b40       0x44 ./Drivers/STM32H7xx_HAL_Driver/Src/stm32h7xx_hal_cortex.o
 .text.HAL_NVIC_SetPriorityGrouping
                0x08001b84       0x16 ./Drivers/STM32H7xx_HAL_Driver/Src/stm32h7xx_hal_cortex.o
                0x08001b84                HAL_NVIC_SetPriorityGrouping
 .text.HAL_NVIC_SetPriority
                0x08001b9a       0x34 ./Drivers/STM32H7xx_HAL_Driver/Src/stm32h7xx_hal_cortex.o
                0x08001b9a                HAL_NVIC_SetPriority
 .text.HAL_SYSTICK_Config
                0x08001bce       0x18 ./Drivers/STM32H7xx_HAL_Driver/Src/stm32h7xx_hal_cortex.o
                0x08001bce                HAL_SYSTICK_Config
 *fill*         0x08001be6        0x2 
 .text.HAL_MPU_Disable
                0x08001be8       0x30 ./Drivers/STM32H7xx_HAL_Driver/Src/stm32h7xx_hal_cortex.o
                0x08001be8                HAL_MPU_Disable
 .text.HAL_MPU_Enable
                0x08001c18       0x40 ./Drivers/STM32H7xx_HAL_Driver/Src/stm32h7xx_hal_cortex.o
                0x08001c18                HAL_MPU_Enable
 .text.HAL_MPU_ConfigRegion
                0x08001c58       0x80 ./Drivers/STM32H7xx_HAL_Driver/Src/stm32h7xx_hal_cortex.o
                0x08001c58                HAL_MPU_ConfigRegion
 .text.HAL_FLASH_Program
                0x08001cd8       0xe0 ./Drivers/STM32H7xx_HAL_Driver/Src/stm32h7xx_hal_flash.o
                0x08001cd8                HAL_FLASH_Program
 .text.HAL_FLASH_Unlock
                0x08001db8       0x44 ./Drivers/STM32H7xx_HAL_Driver/Src/stm32h7xx_hal_flash.o
                0x08001db8                HAL_FLASH_Unlock
 .text.HAL_FLASH_Lock
                0x08001dfc       0x30 ./Drivers/STM32H7xx_HAL_Driver/Src/stm32h7xx_hal_flash.o
                0x08001dfc                HAL_FLASH_Lock
 .text.FLASH_WaitForLastOperation
                0x08001e2c       0xac ./Drivers/STM32H7xx_HAL_Driver/Src/stm32h7xx_hal_flash.o
                0x08001e2c                FLASH_WaitForLastOperation
 .text.FLASH_Erase_Sector
                0x08001ed8       0x48 ./Drivers/STM32H7xx_HAL_Driver/Src/stm32h7xx_hal_flash_ex.o
                0x08001ed8                FLASH_Erase_Sector
 .text.HAL_GPIO_Init
                0x08001f20      0x364 ./Drivers/STM32H7xx_HAL_Driver/Src/stm32h7xx_hal_gpio.o
                0x08001f20                HAL_GPIO_Init
 .text.HAL_GPIO_ReadPin
                0x08002284       0x30 ./Drivers/STM32H7xx_HAL_Driver/Src/stm32h7xx_hal_gpio.o
                0x08002284                HAL_GPIO_ReadPin
 .text.HAL_GPIO_TogglePin
                0x080022b4       0x34 ./Drivers/STM32H7xx_HAL_Driver/Src/stm32h7xx_hal_gpio.o
                0x080022b4                HAL_GPIO_TogglePin
 .text.HAL_PWREx_ConfigSupply
                0x080022e8       0x74 ./Drivers/STM32H7xx_HAL_Driver/Src/stm32h7xx_hal_pwr_ex.o
                0x080022e8                HAL_PWREx_ConfigSupply
 .text.HAL_RCC_DeInit
                0x0800235c      0x254 ./Drivers/STM32H7xx_HAL_Driver/Src/stm32h7xx_hal_rcc.o
                0x0800235c                HAL_RCC_DeInit
 .text.HAL_RCC_OscConfig
                0x080025b0      0x7b4 ./Drivers/STM32H7xx_HAL_Driver/Src/stm32h7xx_hal_rcc.o
                0x080025b0                HAL_RCC_OscConfig
 .text.HAL_RCC_ClockConfig
                0x08002d64      0x36c ./Drivers/STM32H7xx_HAL_Driver/Src/stm32h7xx_hal_rcc.o
                0x08002d64                HAL_RCC_ClockConfig
 .text.HAL_RCC_GetSysClockFreq
                0x080030d0      0x2f4 ./Drivers/STM32H7xx_HAL_Driver/Src/stm32h7xx_hal_rcc.o
                0x080030d0                HAL_RCC_GetSysClockFreq
 .text.HAL_RCC_GetHCLKFreq
                0x080033c4       0x60 ./Drivers/STM32H7xx_HAL_Driver/Src/stm32h7xx_hal_rcc.o
                0x080033c4                HAL_RCC_GetHCLKFreq
 .text.HAL_RCC_GetPCLK1Freq
                0x08003424       0x2c ./Drivers/STM32H7xx_HAL_Driver/Src/stm32h7xx_hal_rcc.o
                0x08003424                HAL_RCC_GetPCLK1Freq
 .text.HAL_RCC_GetPCLK2Freq
                0x08003450       0x2c ./Drivers/STM32H7xx_HAL_Driver/Src/stm32h7xx_hal_rcc.o
                0x08003450                HAL_RCC_GetPCLK2Freq
 .text.HAL_RCCEx_PeriphCLKConfig
                0x0800347c     0x1340 ./Drivers/STM32H7xx_HAL_Driver/Src/stm32h7xx_hal_rcc_ex.o
                0x0800347c                HAL_RCCEx_PeriphCLKConfig
 .text.HAL_RCCEx_GetD3PCLK1Freq
                0x080047bc       0x2c ./Drivers/STM32H7xx_HAL_Driver/Src/stm32h7xx_hal_rcc_ex.o
                0x080047bc                HAL_RCCEx_GetD3PCLK1Freq
 .text.HAL_RCCEx_GetPLL2ClockFreq
                0x080047e8      0x2a8 ./Drivers/STM32H7xx_HAL_Driver/Src/stm32h7xx_hal_rcc_ex.o
                0x080047e8                HAL_RCCEx_GetPLL2ClockFreq
 .text.HAL_RCCEx_GetPLL3ClockFreq
                0x08004a90      0x2a8 ./Drivers/STM32H7xx_HAL_Driver/Src/stm32h7xx_hal_rcc_ex.o
                0x08004a90                HAL_RCCEx_GetPLL3ClockFreq
 .text.RCCEx_PLL2_Config
                0x08004d38      0x164 ./Drivers/STM32H7xx_HAL_Driver/Src/stm32h7xx_hal_rcc_ex.o
 .text.RCCEx_PLL3_Config
                0x08004e9c      0x164 ./Drivers/STM32H7xx_HAL_Driver/Src/stm32h7xx_hal_rcc_ex.o
 .text.HAL_SPI_Init
                0x08005000      0x248 ./Drivers/STM32H7xx_HAL_Driver/Src/stm32h7xx_hal_spi.o
                0x08005000                HAL_SPI_Init
 .text.SPI_GetPacketSize
                0x08005248       0x36 ./Drivers/STM32H7xx_HAL_Driver/Src/stm32h7xx_hal_spi.o
 .text.HAL_UART_Init
                0x0800527e       0xa0 ./Drivers/STM32H7xx_HAL_Driver/Src/stm32h7xx_hal_uart.o
                0x0800527e                HAL_UART_Init
 .text.HAL_UART_Transmit
                0x0800531e      0x132 ./Drivers/STM32H7xx_HAL_Driver/Src/stm32h7xx_hal_uart.o
                0x0800531e                HAL_UART_Transmit
 .text.UART_SetConfig
                0x08005450      0xcd8 ./Drivers/STM32H7xx_HAL_Driver/Src/stm32h7xx_hal_uart.o
                0x08005450                UART_SetConfig
 .text.UART_AdvFeatureConfig
                0x08006128      0x144 ./Drivers/STM32H7xx_HAL_Driver/Src/stm32h7xx_hal_uart.o
                0x08006128                UART_AdvFeatureConfig
 .text.UART_CheckIdleState
                0x0800626c      0x154 ./Drivers/STM32H7xx_HAL_Driver/Src/stm32h7xx_hal_uart.o
                0x0800626c                UART_CheckIdleState
 .text.UART_WaitOnFlagUntilTimeout
                0x080063c0       0xda ./Drivers/STM32H7xx_HAL_Driver/Src/stm32h7xx_hal_uart.o
                0x080063c0                UART_WaitOnFlagUntilTimeout
 *fill*         0x0800649a        0x2 
 .text.UART_EndRxTransfer
                0x0800649c       0xcc ./Drivers/STM32H7xx_HAL_Driver/Src/stm32h7xx_hal_uart.o
 .text.HAL_UARTEx_DisableFifoMode
                0x08006568       0x72 ./Drivers/STM32H7xx_HAL_Driver/Src/stm32h7xx_hal_uart_ex.o
                0x08006568                HAL_UARTEx_DisableFifoMode
 .text.HAL_UARTEx_SetTxFifoThreshold
                0x080065da       0x7c ./Drivers/STM32H7xx_HAL_Driver/Src/stm32h7xx_hal_uart_ex.o
                0x080065da                HAL_UARTEx_SetTxFifoThreshold
 .text.HAL_UARTEx_SetRxFifoThreshold
                0x08006656       0x7c ./Drivers/STM32H7xx_HAL_Driver/Src/stm32h7xx_hal_uart_ex.o
                0x08006656                HAL_UARTEx_SetRxFifoThreshold
 *fill*         0x080066d2        0x2 
 .text.UARTEx_SetNbDataToProcess
                0x080066d4       0x9c ./Drivers/STM32H7xx_HAL_Driver/Src/stm32h7xx_hal_uart_ex.o
 .text.MX_FATFS_Init
                0x08006770       0x24 ./FATFS/App/fatfs.o
                0x08006770                MX_FATFS_Init
 .text.get_fattime
                0x08006794       0x10 ./FATFS/App/fatfs.o
                0x08006794                get_fattime
 .text.USER_initialize
                0x080067a4       0x1c ./FATFS/Target/user_diskio.o
                0x080067a4                USER_initialize
 .text.USER_status
                0x080067c0       0x1c ./FATFS/Target/user_diskio.o
                0x080067c0                USER_status
 .text.USER_read
                0x080067dc       0x26 ./FATFS/Target/user_diskio.o
                0x080067dc                USER_read
 .text.USER_write
                0x08006802       0x26 ./FATFS/Target/user_diskio.o
                0x08006802                USER_write
 .text.USER_ioctl
                0x08006828       0x26 ./FATFS/Target/user_diskio.o
                0x08006828                USER_ioctl
 *fill*         0x0800684e        0x2 
 .text.HAL_SPI_TransmitReceive_fast
                0x08006850      0x100 ./FATFS/Target/user_diskio_spi.o
                0x08006850                HAL_SPI_TransmitReceive_fast
 .text.transmit_mmc
                0x08006950       0x20 ./FATFS/Target/user_diskio_spi.o
 .text.receive_mmc1
                0x08006970       0x1c ./FATFS/Target/user_diskio_spi.o
 .text.wait_ready
                0x0800698c       0x46 ./FATFS/Target/user_diskio_spi.o
 .text.spi_deselect
                0x080069d2        0xc ./FATFS/Target/user_diskio_spi.o
 .text.spi_select
                0x080069de       0x24 ./FATFS/Target/user_diskio_spi.o
 .text.receive_datablock
                0x08006a02       0x48 ./FATFS/Target/user_diskio_spi.o
 .text.transmit_datablock
                0x08006a4a       0x6c ./FATFS/Target/user_diskio_spi.o
 .text.transmit_mmc1
                0x08006ab6       0x22 ./FATFS/Target/user_diskio_spi.o
 .text.send_cmd
                0x08006ad8       0xe0 ./FATFS/Target/user_diskio_spi.o
 .text.USER_SPI_status
                0x08006bb8       0x50 ./FATFS/Target/user_diskio_spi.o
                0x08006bb8                USER_SPI_status
 .text.USER_SPI_initialize
                0x08006c08      0x1c4 ./FATFS/Target/user_diskio_spi.o
                0x08006c08                USER_SPI_initialize
 .text.USER_SPI_read
                0x08006dcc       0xcc ./FATFS/Target/user_diskio_spi.o
                0x08006dcc                USER_SPI_read
 .text.USER_SPI_write
                0x08006e98       0xf8 ./FATFS/Target/user_diskio_spi.o
                0x08006e98                USER_SPI_write
 .text.USER_SPI_ioctl
                0x08006f90      0x2dc ./FATFS/Target/user_diskio_spi.o
                0x08006f90                USER_SPI_ioctl
 .text.disk_status
                0x0800726c       0x34 ./Middlewares/Third_Party/FatFs/src/diskio.o
                0x0800726c                disk_status
 .text.disk_initialize
                0x080072a0       0x50 ./Middlewares/Third_Party/FatFs/src/diskio.o
                0x080072a0                disk_initialize
 .text.disk_read
                0x080072f0       0x40 ./Middlewares/Third_Party/FatFs/src/diskio.o
                0x080072f0                disk_read
 .text.disk_write
                0x08007330       0x40 ./Middlewares/Third_Party/FatFs/src/diskio.o
                0x08007330                disk_write
 .text.disk_ioctl
                0x08007370       0x3c ./Middlewares/Third_Party/FatFs/src/diskio.o
                0x08007370                disk_ioctl
 .text.ld_word  0x080073ac       0x32 ./Middlewares/Third_Party/FatFs/src/ff.o
 .text.ld_dword
                0x080073de       0x46 ./Middlewares/Third_Party/FatFs/src/ff.o
 .text.st_word  0x08007424       0x36 ./Middlewares/Third_Party/FatFs/src/ff.o
 .text.st_dword
                0x0800745a       0x58 ./Middlewares/Third_Party/FatFs/src/ff.o
 .text.mem_cpy  0x080074b2       0x42 ./Middlewares/Third_Party/FatFs/src/ff.o
 .text.mem_set  0x080074f4       0x36 ./Middlewares/Third_Party/FatFs/src/ff.o
 .text.mem_cmp  0x0800752a       0x4e ./Middlewares/Third_Party/FatFs/src/ff.o
 .text.chk_chr  0x08007578       0x36 ./Middlewares/Third_Party/FatFs/src/ff.o
 *fill*         0x080075ae        0x2 
 .text.chk_lock
                0x080075b0       0xb8 ./Middlewares/Third_Party/FatFs/src/ff.o
 .text.enq_lock
                0x08007668       0x44 ./Middlewares/Third_Party/FatFs/src/ff.o
 .text.inc_lock
                0x080076ac      0x11c ./Middlewares/Third_Party/FatFs/src/ff.o
 .text.dec_lock
                0x080077c8       0x78 ./Middlewares/Third_Party/FatFs/src/ff.o
 .text.clear_lock
                0x08007840       0x48 ./Middlewares/Third_Party/FatFs/src/ff.o
 .text.sync_window
                0x08007888       0x88 ./Middlewares/Third_Party/FatFs/src/ff.o
 .text.move_window
                0x08007910       0x5a ./Middlewares/Third_Party/FatFs/src/ff.o
 *fill*         0x0800796a        0x2 
 .text.sync_fs  0x0800796c       0xdc ./Middlewares/Third_Party/FatFs/src/ff.o
 .text.clust2sect
                0x08007a48       0x3e ./Middlewares/Third_Party/FatFs/src/ff.o
 .text.get_fat  0x08007a86      0x14e ./Middlewares/Third_Party/FatFs/src/ff.o
 .text.put_fat  0x08007bd4      0x1d4 ./Middlewares/Third_Party/FatFs/src/ff.o
 .text.remove_chain
                0x08007da8       0xca ./Middlewares/Third_Party/FatFs/src/ff.o
 .text.create_chain
                0x08007e72      0x130 ./Middlewares/Third_Party/FatFs/src/ff.o
 .text.clmt_clust
                0x08007fa2       0x68 ./Middlewares/Third_Party/FatFs/src/ff.o
 .text.dir_sdi  0x0800800a       0xf6 ./Middlewares/Third_Party/FatFs/src/ff.o
 .text.dir_next
                0x08008100      0x18a ./Middlewares/Third_Party/FatFs/src/ff.o
 .text.dir_alloc
                0x0800828a       0x8e ./Middlewares/Third_Party/FatFs/src/ff.o
 .text.ld_clust
                0x08008318       0x3e ./Middlewares/Third_Party/FatFs/src/ff.o
 .text.st_clust
                0x08008356       0x40 ./Middlewares/Third_Party/FatFs/src/ff.o
 .text.dir_read
                0x08008396       0xba ./Middlewares/Third_Party/FatFs/src/ff.o
 .text.dir_find
                0x08008450       0xaa ./Middlewares/Third_Party/FatFs/src/ff.o
 .text.dir_register
                0x080084fa       0x64 ./Middlewares/Third_Party/FatFs/src/ff.o
 .text.dir_remove
                0x0800855e       0x3c ./Middlewares/Third_Party/FatFs/src/ff.o
 *fill*         0x0800859a        0x2 
 .text.create_name
                0x0800859c      0x128 ./Middlewares/Third_Party/FatFs/src/ff.o
 .text.follow_path
                0x080086c4       0xe2 ./Middlewares/Third_Party/FatFs/src/ff.o
 .text.get_ldnumber
                0x080087a6       0x88 ./Middlewares/Third_Party/FatFs/src/ff.o
 *fill*         0x0800882e        0x2 
 .text.check_fs
                0x08008830       0xac ./Middlewares/Third_Party/FatFs/src/ff.o
 .text.find_volume
                0x080088dc      0x498 ./Middlewares/Third_Party/FatFs/src/ff.o
 .text.validate
                0x08008d74       0x6a ./Middlewares/Third_Party/FatFs/src/ff.o
 *fill*         0x08008dde        0x2 
 .text.f_mount  0x08008de0       0x8c ./Middlewares/Third_Party/FatFs/src/ff.o
                0x08008de0                f_mount
 .text.f_open   0x08008e6c      0x374 ./Middlewares/Third_Party/FatFs/src/ff.o
                0x08008e6c                f_open
 .text.f_read   0x080091e0      0x27e ./Middlewares/Third_Party/FatFs/src/ff.o
                0x080091e0                f_read
 .text.f_sync   0x0800945e       0xfc ./Middlewares/Third_Party/FatFs/src/ff.o
                0x0800945e                f_sync
 .text.f_close  0x0800955a       0x54 ./Middlewares/Third_Party/FatFs/src/ff.o
                0x0800955a                f_close
 .text.f_lseek  0x080095ae      0x412 ./Middlewares/Third_Party/FatFs/src/ff.o
                0x080095ae                f_lseek
 .text.f_unlink
                0x080099c0      0x156 ./Middlewares/Third_Party/FatFs/src/ff.o
                0x080099c0                f_unlink
 .text.f_rename
                0x08009b16      0x1f2 ./Middlewares/Third_Party/FatFs/src/ff.o
                0x08009b16                f_rename
 .text.FATFS_LinkDriverEx
                0x08009d08       0x98 ./Middlewares/Third_Party/FatFs/src/ff_gen_drv.o
                0x08009d08                FATFS_LinkDriverEx
 .text.FATFS_LinkDriver
                0x08009da0       0x1e ./Middlewares/Third_Party/FatFs/src/ff_gen_drv.o
                0x08009da0                FATFS_LinkDriver
 .text.memset   0x08009dbe       0x10 C:/ST/STM32CubeIDE2.1.1/STM32CubeIDE/plugins/com.st.stm32cube.ide.mcu.externaltools.gnu-tools-for-stm32.14.3.rel1.win32_1.0.100.202602081740/tools/bin/../lib/gcc/arm-none-eabi/14.3.1/../../../../arm-none-eabi/lib/thumb/v7e-m+dp/hard\libc_nano.a(libc_a-memset.o)
                0x08009dbe                memset
 *fill*         0x08009dce        0x2 
 .text.__libc_init_array
                0x08009dd0       0x48 C:/ST/STM32CubeIDE2.1.1/STM32CubeIDE/plugins/com.st.stm32cube.ide.mcu.externaltools.gnu-tools-for-stm32.14.3.rel1.win32_1.0.100.202602081740/tools/bin/../lib/gcc/arm-none-eabi/14.3.1/../../../../arm-none-eabi/lib/thumb/v7e-m+dp/hard\libc_nano.a(libc_a-init.o)
                0x08009dd0                __libc_init_array
 *(.glue_7)
 .glue_7        0x08009e18        0x0 linker stubs
 *(.glue_7t)
 .glue_7t       0x08009e18        0x0 linker stubs
 *(.eh_frame)
 .eh_frame      0x08009e18        0x0 C:/ST/STM32CubeIDE2.1.1/STM32CubeIDE/plugins/com.st.stm32cube.ide.mcu.externaltools.gnu-tools-for-stm32.14.3.rel1.win32_1.0.100.202602081740/tools/bin/../lib/gcc/arm-none-eabi/14.3.1/thumb/v7e-m+dp/hard/crtbegin.o
 *(.init)
 .init          0x08009e18        0x4 C:/ST/STM32CubeIDE2.1.1/STM32CubeIDE/plugins/com.st.stm32cube.ide.mcu.externaltools.gnu-tools-for-stm32.14.3.rel1.win32_1.0.100.202602081740/tools/bin/../lib/gcc/arm-none-eabi/14.3.1/thumb/v7e-m+dp/hard/crti.o
                0x08009e18                _init
 .init          0x08009e1c        0x8 C:/ST/STM32CubeIDE2.1.1/STM32CubeIDE/plugins/com.st.stm32cube.ide.mcu.externaltools.gnu-tools-for-stm32.14.3.rel1.win32_1.0.100.202602081740/tools/bin/../lib/gcc/arm-none-eabi/14.3.1/thumb/v7e-m+dp/hard/crtn.o
 *(.fini)
 .fini          0x08009e24        0x4 C:/ST/STM32CubeIDE2.1.1/STM32CubeIDE/plugins/com.st.stm32cube.ide.mcu.externaltools.gnu-tools-for-stm32.14.3.rel1.win32_1.0.100.202602081740/tools/bin/../lib/gcc/arm-none-eabi/14.3.1/thumb/v7e-m+dp/hard/crti.o
                0x08009e24                _fini
 .fini          0x08009e28        0x8 C:/ST/STM32CubeIDE2.1.1/STM32CubeIDE/plugins/com.st.stm32cube.ide.mcu.externaltools.gnu-tools-for-stm32.14.3.rel1.win32_1.0.100.202602081740/tools/bin/../lib/gcc/arm-none-eabi/14.3.1/thumb/v7e-m+dp/hard/crtn.o
                0x08009e30                        . = ALIGN (0x4)
                0x08009e30                        _etext = .

.vfp11_veneer   0x08009e30        0x0
 .vfp11_veneer  0x08009e30        0x0 linker stubs

.v4_bx          0x08009e30        0x0
 .v4_bx         0x08009e30        0x0 linker stubs

.iplt           0x08009e30        0x0
 .iplt          0x08009e30        0x0 C:/ST/STM32CubeIDE2.1.1/STM32CubeIDE/plugins/com.st.stm32cube.ide.mcu.externaltools.gnu-tools-for-stm32.14.3.rel1.win32_1.0.100.202602081740/tools/bin/../lib/gcc/arm-none-eabi/14.3.1/thumb/v7e-m+dp/hard/crtbegin.o

.rodata         0x08009e30      0x478
                0x08009e30                        . = ALIGN (0x4)
 *(.rodata)
 *(.rodata*)
 .rodata.compareFlashToFile.str1.4
                0x08009e30      0x3bf ./Core/Src/main.o
                                 0xb8 (size before relaxing)
 .rodata.CopyFileToFlashMemory.str1.4
                0x0800a1ef       0x7a ./Core/Src/main.o
 .rodata.main.str1.4
                0x0800a1ef      0x280 ./Core/Src/main.o
 *fill*         0x0800a1ef        0x1 
 .rodata.D1CorePrescTable
                0x0800a1f0       0x10 ./Core/Src/system_stm32h7xx.o
                0x0800a1f0                D1CorePrescTable
 .rodata.UARTPrescTable
                0x0800a200       0x18 ./Drivers/STM32H7xx_HAL_Driver/Src/stm32h7xx_hal_uart.o
                0x0800a200                UARTPrescTable
 .rodata.numerator.1
                0x0800a218        0x8 ./Drivers/STM32H7xx_HAL_Driver/Src/stm32h7xx_hal_uart_ex.o
 .rodata.denominator.0
                0x0800a220        0x8 ./Drivers/STM32H7xx_HAL_Driver/Src/stm32h7xx_hal_uart_ex.o
 .rodata.ExCvt  0x0800a228       0x80 ./Middlewares/Third_Party/FatFs/src/ff.o
 .rodata.create_name.str1.4
                0x0800a2a8        0xf ./Middlewares/Third_Party/FatFs/src/ff.o
                0x0800a2b8                        . = ALIGN (0x4)

.ARM.extab
 *(.ARM.extab* .gnu.linkonce.armextab.*)

.ARM            0x0800a2a8        0x8
                0x0800a2a8                        __exidx_start = .
 *(.ARM.exidx*)
 .ARM.exidx     0x0800a2a8        0x8 C:/ST/STM32CubeIDE2.1.1/STM32CubeIDE/plugins/com.st.stm32cube.ide.mcu.externaltools.gnu-tools-for-stm32.14.3.rel1.win32_1.0.100.202602081740/tools/bin/../lib/gcc/arm-none-eabi/14.3.1/thumb/v7e-m+dp/hard\libgcc.a(_udivmoddi4.o)
                0x0800a2b0                        __exidx_end = .

.preinit_array  0x0800a2b0        0x0
                0x0800a2b0                        PROVIDE (__preinit_array_start = .)
 *(.preinit_array*)
                0x0800a2b0                        PROVIDE (__preinit_array_end = .)

.init_array     0x0800a2b0        0x4
                0x0800a2b0                        PROVIDE (__init_array_start = .)
 *(SORT_BY_NAME(.init_array.*))
 *(.init_array*)
 .init_array    0x0800a2b0        0x4 C:/ST/STM32CubeIDE2.1.1/STM32CubeIDE/plugins/com.st.stm32cube.ide.mcu.externaltools.gnu-tools-for-stm32.14.3.rel1.win32_1.0.100.202602081740/tools/bin/../lib/gcc/arm-none-eabi/14.3.1/thumb/v7e-m+dp/hard/crtbegin.o
                0x0800a2b4                        PROVIDE (__init_array_end = .)

.fini_array     0x0800a2b4        0x4
                [!provide]                        PROVIDE (__fini_array_start = .)
 *(SORT_BY_NAME(.fini_array.*))
 *(.fini_array*)
 .fini_array    0x0800a2b4        0x4 C:/ST/STM32CubeIDE2.1.1/STM32CubeIDE/plugins/com.st.stm32cube.ide.mcu.externaltools.gnu-tools-for-stm32.14.3.rel1.win32_1.0.100.202602081740/tools/bin/../lib/gcc/arm-none-eabi/14.3.1/thumb/v7e-m+dp/hard/crtbegin.o
                [!provide]                        PROVIDE (__fini_array_end = .)
                0x0800a2b8                        _sidata = LOADADDR (.data)

.rel.dyn        0x0800a2b8        0x0
 .rel.iplt      0x0800a2b8        0x0 C:/ST/STM32CubeIDE2.1.1/STM32CubeIDE/plugins/com.st.stm32cube.ide.mcu.externaltools.gnu-tools-for-stm32.14.3.rel1.win32_1.0.100.202602081740/tools/bin/../lib/gcc/arm-none-eabi/14.3.1/thumb/v7e-m+dp/hard/crtbegin.o

.data           0x24000000       0x28 load address 0x0800a2b8
                0x24000000                        . = ALIGN (0x4)
                0x24000000                        _sdata = .
 *(.data)
 *(.data*)
 .data.SystemCoreClock
                0x24000000        0x4 ./Core/Src/system_stm32h7xx.o
                0x24000000                SystemCoreClock
 .data.SystemD2Clock
                0x24000004        0x4 ./Core/Src/system_stm32h7xx.o
                0x24000004                SystemD2Clock
 .data.uwTickPrio
                0x24000008        0x4 ./Drivers/STM32H7xx_HAL_Driver/Src/stm32h7xx_hal.o
                0x24000008                uwTickPrio
 .data.uwTickFreq
                0x2400000c        0x1 ./Drivers/STM32H7xx_HAL_Driver/Src/stm32h7xx_hal.o
                0x2400000c                uwTickFreq
 *fill*         0x2400000d        0x3 
 .data.USER_Driver
                0x24000010       0x14 ./FATFS/Target/user_diskio.o
                0x24000010                USER_Driver
 .data.DiskStatus
                0x24000024        0x1 ./FATFS/Target/user_diskio_spi.o
 *(.RamFunc)
 *(.RamFunc*)
                0x24000028                        . = ALIGN (0x4)
 *fill*         0x24000025        0x3 
                0x24000028                        _edata = .

.igot.plt       0x24000028        0x0 load address 0x0800a2e0
 .igot.plt      0x24000028        0x0 C:/ST/STM32CubeIDE2.1.1/STM32CubeIDE/plugins/com.st.stm32cube.ide.mcu.externaltools.gnu-tools-for-stm32.14.3.rel1.win32_1.0.100.202602081740/tools/bin/../lib/gcc/arm-none-eabi/14.3.1/thumb/v7e-m+dp/hard/crtbegin.o
                0x24000028                        . = ALIGN (0x4)

.bss            0x24000028     0x1600 load address 0x0800a2e0
                0x24000028                        _sbss = .
                0x24000028                        __bss_start__ = _sbss
 *(.bss)
 .bss           0x24000028       0x1c C:/ST/STM32CubeIDE2.1.1/STM32CubeIDE/plugins/com.st.stm32cube.ide.mcu.externaltools.gnu-tools-for-stm32.14.3.rel1.win32_1.0.100.202602081740/tools/bin/../lib/gcc/arm-none-eabi/14.3.1/thumb/v7e-m+dp/hard/crtbegin.o
 *(.bss*)
 .bss.hspi2     0x24000044       0x88 ./Core/Src/main.o
                0x24000044                hspi2
 .bss.huart1    0x240000cc       0x94 ./Core/Src/main.o
                0x240000cc                huart1
 .bss.FatFs     0x24000160      0x230 ./Core/Src/main.o
                0x24000160                FatFs
 .bss.fwFile    0x24000390      0x230 ./Core/Src/main.o
                0x24000390                fwFile
 .bss.result    0x240005c0        0x1 ./Core/Src/main.o
                0x240005c0                result
 *fill*         0x240005c1        0x3 
 .bss.fileSize  0x240005c4        0x4 ./Core/Src/main.o
                0x240005c4                fileSize
 .bss.fileBuffer
                0x240005c8     0x1000 ./Core/Src/main.o
                0x240005c8                fileBuffer
 .bss.uwTick    0x240015c8        0x4 ./Drivers/STM32H7xx_HAL_Driver/Src/stm32h7xx_hal.o
                0x240015c8                uwTick
 .bss.pFlash    0x240015cc       0x1c ./Drivers/STM32H7xx_HAL_Driver/Src/stm32h7xx_hal_flash.o
                0x240015cc                pFlash
 .bss.retUSER   0x240015e8        0x1 ./FATFS/App/fatfs.o
                0x240015e8                retUSER
 *fill*         0x240015e9        0x3 
 .bss.USERPath  0x240015ec        0x4 ./FATFS/App/fatfs.o
                0x240015ec                USERPath
 .bss.CardType  0x240015f0        0x1 ./FATFS/Target/user_diskio_spi.o
 .bss.dummy.0   0x240015f1        0x1 ./FATFS/Target/user_diskio_spi.o
 *fill*         0x240015f2        0x2 
 .bss.FatFs     0x240015f4        0x4 ./Middlewares/Third_Party/FatFs/src/ff.o
 .bss.Fsid      0x240015f8        0x2 ./Middlewares/Third_Party/FatFs/src/ff.o
 *fill*         0x240015fa        0x2 
 .bss.Files     0x240015fc       0x20 ./Middlewares/Third_Party/FatFs/src/ff.o
 .bss.disk      0x2400161c        0xc ./Middlewares/Third_Party/FatFs/src/ff_gen_drv.o
                0x2400161c                disk
 *(COMMON)
                0x24001628                        . = ALIGN (0x4)
                0x24001628                        _ebss = .
                0x24001628                        __bss_end__ = _ebss

._user_heap_stack
                0x24001628      0x600 load address 0x0800a2e0
                0x24001628                        . = ALIGN (0x8)
                [!provide]                        PROVIDE (end = .)
                0x24001628                        PROVIDE (_end = .)
                0x24001828                        . = (. + _Min_Heap_Size)
 *fill*         0x24001628      0x200 
                0x24001c28                        . = (. + _Min_Stack_Size)
 *fill*         0x24001828      0x400 
                0x24001c28                        . = ALIGN (0x8)

/DISCARD/
 libc.a(*)
 libm.a(*)
 libgcc.a(*)

.ARM.attributes
                0x00000000       0x2e
 *(.ARM.attributes)
 .ARM.attributes
                0x00000000       0x20 C:/ST/STM32CubeIDE2.1.1/STM32CubeIDE/plugins/com.st.stm32cube.ide.mcu.externaltools.gnu-tools-for-stm32.14.3.rel1.win32_1.0.100.202602081740/tools/bin/../lib/gcc/arm-none-eabi/14.3.1/thumb/v7e-m+dp/hard/crti.o
 .ARM.attributes
                0x00000020       0x32 C:/ST/STM32CubeIDE2.1.1/STM32CubeIDE/plugins/com.st.stm32cube.ide.mcu.externaltools.gnu-tools-for-stm32.14.3.rel1.win32_1.0.100.202602081740/tools/bin/../lib/gcc/arm-none-eabi/14.3.1/thumb/v7e-m+dp/hard/crtbegin.o
 .ARM.attributes
                0x00000052       0x32 ./Core/Src/main.o
 .ARM.attributes
                0x00000084       0x32 ./Core/Src/stm32h7xx_hal_msp.o
 .ARM.attributes
                0x000000b6       0x32 ./Core/Src/stm32h7xx_it.o
 .ARM.attributes
                0x000000e8       0x32 ./Core/Src/system_stm32h7xx.o
 .ARM.attributes
                0x0000011a       0x21 ./Core/Startup/startup_stm32h723vgtx.o
 .ARM.attributes
                0x0000013b       0x32 ./Drivers/STM32H7xx_HAL_Driver/Src/stm32h7xx_hal.o
 .ARM.attributes
                0x0000016d       0x32 ./Drivers/STM32H7xx_HAL_Driver/Src/stm32h7xx_hal_cortex.o
 .ARM.attributes
                0x0000019f       0x32 ./Drivers/STM32H7xx_HAL_Driver/Src/stm32h7xx_hal_flash.o
 .ARM.attributes
                0x000001d1       0x32 ./Drivers/STM32H7xx_HAL_Driver/Src/stm32h7xx_hal_flash_ex.o
 .ARM.attributes
                0x00000203       0x32 ./Drivers/STM32H7xx_HAL_Driver/Src/stm32h7xx_hal_gpio.o
 .ARM.attributes
                0x00000235       0x32 ./Drivers/STM32H7xx_HAL_Driver/Src/stm32h7xx_hal_pwr_ex.o
 .ARM.attributes
                0x00000267       0x32 ./Drivers/STM32H7xx_HAL_Driver/Src/stm32h7xx_hal_rcc.o
 .ARM.attributes
                0x00000299       0x32 ./Drivers/STM32H7xx_HAL_Driver/Src/stm32h7xx_hal_rcc_ex.o
 .ARM.attributes
                0x000002cb       0x32 ./Drivers/STM32H7xx_HAL_Driver/Src/stm32h7xx_hal_spi.o
 .ARM.attributes
                0x000002fd       0x32 ./Drivers/STM32H7xx_HAL_Driver/Src/stm32h7xx_hal_uart.o
 .ARM.attributes
                0x0000032f       0x32 ./Drivers/STM32H7xx_HAL_Driver/Src/stm32h7xx_hal_uart_ex.o
 .ARM.attributes
                0x00000361       0x32 ./FATFS/App/fatfs.o
 .ARM.attributes
                0x00000393       0x32 ./FATFS/Target/user_diskio.o
 .ARM.attributes
                0x000003c5       0x32 ./FATFS/Target/user_diskio_spi.o
 .ARM.attributes
                0x000003f7       0x32 ./Middlewares/Third_Party/FatFs/src/diskio.o
 .ARM.attributes
                0x00000429       0x32 ./Middlewares/Third_Party/FatFs/src/ff.o
 .ARM.attributes
                0x0000045b       0x32 ./Middlewares/Third_Party/FatFs/src/ff_gen_drv.o
 .ARM.attributes
                0x0000048d       0x32 C:/ST/STM32CubeIDE2.1.1/STM32CubeIDE/plugins/com.st.stm32cube.ide.mcu.externaltools.gnu-tools-for-stm32.14.3.rel1.win32_1.0.100.202602081740/tools/bin/../lib/gcc/arm-none-eabi/14.3.1/../../../../arm-none-eabi/lib/thumb/v7e-m+dp/hard\libc_nano.a(libc_a-memset.o)
 .ARM.attributes
                0x000004bf       0x32 C:/ST/STM32CubeIDE2.1.1/STM32CubeIDE/plugins/com.st.stm32cube.ide.mcu.externaltools.gnu-tools-for-stm32.14.3.rel1.win32_1.0.100.202602081740/tools/bin/../lib/gcc/arm-none-eabi/14.3.1/../../../../arm-none-eabi/lib/thumb/v7e-m+dp/hard\libc_nano.a(libc_a-init.o)
 .ARM.attributes
                0x000004f1       0x20 C:/ST/STM32CubeIDE2.1.1/STM32CubeIDE/plugins/com.st.stm32cube.ide.mcu.externaltools.gnu-tools-for-stm32.14.3.rel1.win32_1.0.100.202602081740/tools/bin/../lib/gcc/arm-none-eabi/14.3.1/thumb/v7e-m+dp/hard\libgcc.a(_aeabi_uldivmod.o)
 .ARM.attributes
                0x00000511       0x32 C:/ST/STM32CubeIDE2.1.1/STM32CubeIDE/plugins/com.st.stm32cube.ide.mcu.externaltools.gnu-tools-for-stm32.14.3.rel1.win32_1.0.100.202602081740/tools/bin/../lib/gcc/arm-none-eabi/14.3.1/thumb/v7e-m+dp/hard\libgcc.a(_udivmoddi4.o)
 .ARM.attributes
                0x00000543       0x20 C:/ST/STM32CubeIDE2.1.1/STM32CubeIDE/plugins/com.st.stm32cube.ide.mcu.externaltools.gnu-tools-for-stm32.14.3.rel1.win32_1.0.100.202602081740/tools/bin/../lib/gcc/arm-none-eabi/14.3.1/thumb/v7e-m+dp/hard\libgcc.a(_dvmd_tls.o)
 .ARM.attributes
                0x00000563       0x20 C:/ST/STM32CubeIDE2.1.1/STM32CubeIDE/plugins/com.st.stm32cube.ide.mcu.externaltools.gnu-tools-for-stm32.14.3.rel1.win32_1.0.100.202602081740/tools/bin/../lib/gcc/arm-none-eabi/14.3.1/thumb/v7e-m+dp/hard/crtn.o
OUTPUT(STM32H723_SDCARD.elf elf32-littlearm)
LOAD linker stubs
LOAD C:/ST/STM32CubeIDE2.1.1/STM32CubeIDE/plugins/com.st.stm32cube.ide.mcu.externaltools.gnu-tools-for-stm32.14.3.rel1.win32_1.0.100.202602081740/tools/bin/../lib/gcc/arm-none-eabi/14.3.1/../../../../arm-none-eabi/lib/thumb/v7e-m+dp/hard\libc.a
LOAD C:/ST/STM32CubeIDE2.1.1/STM32CubeIDE/plugins/com.st.stm32cube.ide.mcu.externaltools.gnu-tools-for-stm32.14.3.rel1.win32_1.0.100.202602081740/tools/bin/../lib/gcc/arm-none-eabi/14.3.1/../../../../arm-none-eabi/lib/thumb/v7e-m+dp/hard\libm.a
LOAD C:/ST/STM32CubeIDE2.1.1/STM32CubeIDE/plugins/com.st.stm32cube.ide.mcu.externaltools.gnu-tools-for-stm32.14.3.rel1.win32_1.0.100.202602081740/tools/bin/../lib/gcc/arm-none-eabi/14.3.1/thumb/v7e-m+dp/hard\libgcc.a

.debug_info     0x00000000    0x16d5e
 .debug_info    0x00000000     0x28b1 ./Core/Src/main.o
 .debug_info    0x000028b1     0x146c ./Core/Src/stm32h7xx_hal_msp.o
 .debug_info    0x00003d1d      0x128 ./Core/Src/stm32h7xx_it.o
 .debug_info    0x00003e45      0xbff ./Core/Src/system_stm32h7xx.o
 .debug_info    0x00004a44       0x30 ./Core/Startup/startup_stm32h723vgtx.o
 .debug_info    0x00004a74     0x1698 ./Drivers/STM32H7xx_HAL_Driver/Src/stm32h7xx_hal.o
 .debug_info    0x0000610c     0x10b2 ./Drivers/STM32H7xx_HAL_Driver/Src/stm32h7xx_hal_cortex.o
 .debug_info    0x000071be      0x75c ./Drivers/STM32H7xx_HAL_Driver/Src/stm32h7xx_hal_flash.o
 .debug_info    0x0000791a      0xc04 ./Drivers/STM32H7xx_HAL_Driver/Src/stm32h7xx_hal_flash_ex.o
 .debug_info    0x0000851e      0xc6b ./Drivers/STM32H7xx_HAL_Driver/Src/stm32h7xx_hal_gpio.o
 .debug_info    0x00009189      0xddb ./Drivers/STM32H7xx_HAL_Driver/Src/stm32h7xx_hal_pwr_ex.o
 .debug_info    0x00009f64      0xd8c ./Drivers/STM32H7xx_HAL_Driver/Src/stm32h7xx_hal_rcc.o
 .debug_info    0x0000acf0     0x120b ./Drivers/STM32H7xx_HAL_Driver/Src/stm32h7xx_hal_rcc_ex.o
 .debug_info    0x0000befb     0x1454 ./Drivers/STM32H7xx_HAL_Driver/Src/stm32h7xx_hal_spi.o
 .debug_info    0x0000d34f     0x4b53 ./Drivers/STM32H7xx_HAL_Driver/Src/stm32h7xx_hal_uart.o
 .debug_info    0x00011ea2      0xfbe ./Drivers/STM32H7xx_HAL_Driver/Src/stm32h7xx_hal_uart_ex.o
 .debug_info    0x00012e60      0x4e7 ./FATFS/App/fatfs.o
 .debug_info    0x00013347      0x3b8 ./FATFS/Target/user_diskio.o
 .debug_info    0x000136ff      0xcfa ./FATFS/Target/user_diskio_spi.o
 .debug_info    0x000143f9      0x3ed ./Middlewares/Third_Party/FatFs/src/diskio.o
 .debug_info    0x000147e6     0x21eb ./Middlewares/Third_Party/FatFs/src/ff.o
 .debug_info    0x000169d1      0x38d ./Middlewares/Third_Party/FatFs/src/ff_gen_drv.o

.debug_abbrev   0x00000000     0x2fa6
 .debug_abbrev  0x00000000      0x3e6 ./Core/Src/main.o
 .debug_abbrev  0x000003e6      0x206 ./Core/Src/stm32h7xx_hal_msp.o
 .debug_abbrev  0x000005ec       0x73 ./Core/Src/stm32h7xx_it.o
 .debug_abbrev  0x0000065f      0x153 ./Core/Src/system_stm32h7xx.o
 .debug_abbrev  0x000007b2       0x24 ./Core/Startup/startup_stm32h723vgtx.o
 .debug_abbrev  0x000007d6      0x29e ./Drivers/STM32H7xx_HAL_Driver/Src/stm32h7xx_hal.o
 .debug_abbrev  0x00000a74      0x339 ./Drivers/STM32H7xx_HAL_Driver/Src/stm32h7xx_hal_cortex.o
 .debug_abbrev  0x00000dad      0x252 ./Drivers/STM32H7xx_HAL_Driver/Src/stm32h7xx_hal_flash.o
 .debug_abbrev  0x00000fff      0x23d ./Drivers/STM32H7xx_HAL_Driver/Src/stm32h7xx_hal_flash_ex.o
 .debug_abbrev  0x0000123c      0x205 ./Drivers/STM32H7xx_HAL_Driver/Src/stm32h7xx_hal_gpio.o
 .debug_abbrev  0x00001441      0x295 ./Drivers/STM32H7xx_HAL_Driver/Src/stm32h7xx_hal_pwr_ex.o
 .debug_abbrev  0x000016d6      0x2b1 ./Drivers/STM32H7xx_HAL_Driver/Src/stm32h7xx_hal_rcc.o
 .debug_abbrev  0x00001987      0x269 ./Drivers/STM32H7xx_HAL_Driver/Src/stm32h7xx_hal_rcc_ex.o
 .debug_abbrev  0x00001bf0      0x2ba ./Drivers/STM32H7xx_HAL_Driver/Src/stm32h7xx_hal_spi.o
 .debug_abbrev  0x00001eaa      0x33d ./Drivers/STM32H7xx_HAL_Driver/Src/stm32h7xx_hal_uart.o
 .debug_abbrev  0x000021e7      0x2d2 ./Drivers/STM32H7xx_HAL_Driver/Src/stm32h7xx_hal_uart_ex.o
 .debug_abbrev  0x000024b9      0x160 ./FATFS/App/fatfs.o
 .debug_abbrev  0x00002619      0x143 ./FATFS/Target/user_diskio.o
 .debug_abbrev  0x0000275c      0x2a8 ./FATFS/Target/user_diskio_spi.o
 .debug_abbrev  0x00002a04      0x181 ./Middlewares/Third_Party/FatFs/src/diskio.o
 .debug_abbrev  0x00002b85      0x282 ./Middlewares/Third_Party/FatFs/src/ff.o
 .debug_abbrev  0x00002e07      0x19f ./Middlewares/Third_Party/FatFs/src/ff_gen_drv.o

.debug_aranges  0x00000000     0x1138
 .debug_aranges
                0x00000000       0x78 ./Core/Src/main.o
 .debug_aranges
                0x00000078       0x40 ./Core/Src/stm32h7xx_hal_msp.o
 .debug_aranges
                0x000000b8       0x60 ./Core/Src/stm32h7xx_it.o
 .debug_aranges
                0x00000118       0x30 ./Core/Src/system_stm32h7xx.o
 .debug_aranges
                0x00000148       0x28 ./Core/Startup/startup_stm32h723vgtx.o
 .debug_aranges
                0x00000170      0x1c8 ./Drivers/STM32H7xx_HAL_Driver/Src/stm32h7xx_hal.o
 .debug_aranges
                0x00000338      0x130 ./Drivers/STM32H7xx_HAL_Driver/Src/stm32h7xx_hal_cortex.o
 .debug_aranges
                0x00000468       0x88 ./Drivers/STM32H7xx_HAL_Driver/Src/stm32h7xx_hal_flash.o
 .debug_aranges
                0x000004f0      0x108 ./Drivers/STM32H7xx_HAL_Driver/Src/stm32h7xx_hal_flash_ex.o
 .debug_aranges
                0x000005f8       0x58 ./Drivers/STM32H7xx_HAL_Driver/Src/stm32h7xx_hal_gpio.o
 .debug_aranges
                0x00000650      0x148 ./Drivers/STM32H7xx_HAL_Driver/Src/stm32h7xx_hal_pwr_ex.o
 .debug_aranges
                0x00000798       0x88 ./Drivers/STM32H7xx_HAL_Driver/Src/stm32h7xx_hal_rcc.o
 .debug_aranges
                0x00000820       0xf8 ./Drivers/STM32H7xx_HAL_Driver/Src/stm32h7xx_hal_rcc_ex.o
 .debug_aranges
                0x00000918      0x1a8 ./Drivers/STM32H7xx_HAL_Driver/Src/stm32h7xx_hal_spi.o
 .debug_aranges
                0x00000ac0      0x248 ./Drivers/STM32H7xx_HAL_Driver/Src/stm32h7xx_hal_uart.o
 .debug_aranges
                0x00000d08       0xa8 ./Drivers/STM32H7xx_HAL_Driver/Src/stm32h7xx_hal_uart_ex.o
 .debug_aranges
                0x00000db0       0x28 ./FATFS/App/fatfs.o
 .debug_aranges
                0x00000dd8       0x40 ./FATFS/Target/user_diskio.o
 .debug_aranges
                0x00000e18       0x90 ./FATFS/Target/user_diskio_spi.o
 .debug_aranges
                0x00000ea8       0x48 ./Middlewares/Third_Party/FatFs/src/diskio.o
 .debug_aranges
                0x00000ef0      0x208 ./Middlewares/Third_Party/FatFs/src/ff.o
 .debug_aranges
                0x000010f8       0x40 ./Middlewares/Third_Party/FatFs/src/ff_gen_drv.o

.debug_rnglists
                0x00000000      0xd33
 .debug_rnglists
                0x00000000       0x5c ./Core/Src/main.o
 .debug_rnglists
                0x0000005c       0x2d ./Core/Src/stm32h7xx_hal_msp.o
 .debug_rnglists
                0x00000089       0x43 ./Core/Src/stm32h7xx_it.o
 .debug_rnglists
                0x000000cc       0x21 ./Core/Src/system_stm32h7xx.o
 .debug_rnglists
                0x000000ed       0x19 ./Core/Startup/startup_stm32h723vgtx.o
 .debug_rnglists
                0x00000106      0x155 ./Drivers/STM32H7xx_HAL_Driver/Src/stm32h7xx_hal.o
 .debug_rnglists
                0x0000025b       0xe0 ./Drivers/STM32H7xx_HAL_Driver/Src/stm32h7xx_hal_cortex.o
 .debug_rnglists
                0x0000033b       0x66 ./Drivers/STM32H7xx_HAL_Driver/Src/stm32h7xx_hal_flash.o
 .debug_rnglists
                0x000003a1       0xc7 ./Drivers/STM32H7xx_HAL_Driver/Src/stm32h7xx_hal_flash_ex.o
 .debug_rnglists
                0x00000468       0x3f ./Drivers/STM32H7xx_HAL_Driver/Src/stm32h7xx_hal_gpio.o
 .debug_rnglists
                0x000004a7       0xf5 ./Drivers/STM32H7xx_HAL_Driver/Src/stm32h7xx_hal_pwr_ex.o
 .debug_rnglists
                0x0000059c       0x68 ./Drivers/STM32H7xx_HAL_Driver/Src/stm32h7xx_hal_rcc.o
 .debug_rnglists
                0x00000604       0xc0 ./Drivers/STM32H7xx_HAL_Driver/Src/stm32h7xx_hal_rcc_ex.o
 .debug_rnglists
                0x000006c4      0x148 ./Drivers/STM32H7xx_HAL_Driver/Src/stm32h7xx_hal_spi.o
 .debug_rnglists
                0x0000080c      0x1f8 ./Drivers/STM32H7xx_HAL_Driver/Src/stm32h7xx_hal_uart.o
 .debug_rnglists
                0x00000a04       0x7f ./Drivers/STM32H7xx_HAL_Driver/Src/stm32h7xx_hal_uart_ex.o
 .debug_rnglists
                0x00000a83       0x19 ./FATFS/App/fatfs.o
 .debug_rnglists
                0x00000a9c       0x2b ./FATFS/Target/user_diskio.o
 .debug_rnglists
                0x00000ac7       0x6d ./FATFS/Target/user_diskio_spi.o
 .debug_rnglists
                0x00000b34       0x31 ./Middlewares/Third_Party/FatFs/src/diskio.o
 .debug_rnglists
                0x00000b65      0x1a2 ./Middlewares/Third_Party/FatFs/src/ff.o
 .debug_rnglists
                0x00000d07       0x2c ./Middlewares/Third_Party/FatFs/src/ff_gen_drv.o

.debug_macro    0x00000000    0x34457
 .debug_macro   0x00000000      0x410 ./Core/Src/main.o
 .debug_macro   0x00000410      0xaf6 ./Core/Src/main.o
 .debug_macro   0x00000f06      0x238 ./Core/Src/main.o
 .debug_macro   0x0000113e       0x2e ./Core/Src/main.o
 .debug_macro   0x0000116c       0x3b ./Core/Src/main.o
 .debug_macro   0x000011a7       0x22 ./Core/Src/main.o
 .debug_macro   0x000011c9       0x8e ./Core/Src/main.o
 .debug_macro   0x00001257       0x51 ./Core/Src/main.o
 .debug_macro   0x000012a8      0x103 ./Core/Src/main.o
 .debug_macro   0x000013ab       0x6a ./Core/Src/main.o
 .debug_macro   0x00001415      0x1df ./Core/Src/main.o
 .debug_macro   0x000015f4       0x1c ./Core/Src/main.o
 .debug_macro   0x00001610       0x22 ./Core/Src/main.o
 .debug_macro   0x00001632       0xfb ./Core/Src/main.o
 .debug_macro   0x0000172d     0x1313 ./Core/Src/main.o
 .debug_macro   0x00002a40      0x11f ./Core/Src/main.o
 .debug_macro   0x00002b5f       0x22 ./Core/Src/main.o
 .debug_macro   0x00002b81    0x216c1 ./Core/Src/main.o
 .debug_macro   0x00024242       0x6d ./Core/Src/main.o
 .debug_macro   0x000242af     0x3d64 ./Core/Src/main.o
 .debug_macro   0x00028013      0x190 ./Core/Src/main.o
 .debug_macro   0x000281a3       0x61 ./Core/Src/main.o
 .debug_macro   0x00028204       0x29 ./Core/Src/main.o
 .debug_macro   0x0002822d       0x43 ./Core/Src/main.o
 .debug_macro   0x00028270       0x34 ./Core/Src/main.o
 .debug_macro   0x000282a4      0x364 ./Core/Src/main.o
 .debug_macro   0x00028608       0x16 ./Core/Src/main.o
 .debug_macro   0x0002861e       0x4a ./Core/Src/main.o
 .debug_macro   0x00028668       0x34 ./Core/Src/main.o
 .debug_macro   0x0002869c       0x10 ./Core/Src/main.o
 .debug_macro   0x000286ac       0x58 ./Core/Src/main.o
 .debug_macro   0x00028704       0x8e ./Core/Src/main.o
 .debug_macro   0x00028792       0x1c ./Core/Src/main.o
 .debug_macro   0x000287ae      0x17e ./Core/Src/main.o
 .debug_macro   0x0002892c      0x19b ./Core/Src/main.o
 .debug_macro   0x00028ac7       0x5d ./Core/Src/main.o
 .debug_macro   0x00028b24     0x2462 ./Core/Src/main.o
 .debug_macro   0x0002af86     0x1079 ./Core/Src/main.o
 .debug_macro   0x0002bfff      0x154 ./Core/Src/main.o
 .debug_macro   0x0002c153      0x114 ./Core/Src/main.o
 .debug_macro   0x0002c267      0x3fc ./Core/Src/main.o
 .debug_macro   0x0002c663       0xac ./Core/Src/main.o
 .debug_macro   0x0002c70f      0x788 ./Core/Src/main.o
 .debug_macro   0x0002ce97      0x228 ./Core/Src/main.o
 .debug_macro   0x0002d0bf       0x66 ./Core/Src/main.o
 .debug_macro   0x0002d125      0x3a6 ./Core/Src/main.o
 .debug_macro   0x0002d4cb      0x3f9 ./Core/Src/main.o
 .debug_macro   0x0002d8c4      0x275 ./Core/Src/main.o
 .debug_macro   0x0002db39      0x3ca ./Core/Src/main.o
 .debug_macro   0x0002df03      0x45c ./Core/Src/main.o
 .debug_macro   0x0002e35f       0x3c ./Core/Src/main.o
 .debug_macro   0x0002e39b       0x4a ./Core/Src/main.o
 .debug_macro   0x0002e3e5      0x22c ./Core/Src/main.o
 .debug_macro   0x0002e611       0x67 ./Core/Src/main.o
 .debug_macro   0x0002e678       0xa5 ./Core/Src/main.o
 .debug_macro   0x0002e71d      0x1c4 ./Core/Src/main.o
 .debug_macro   0x0002e8e1      0x22a ./Core/Src/main.o
 .debug_macro   0x0002eb0b       0x35 ./Core/Src/main.o
 .debug_macro   0x0002eb40      0x5e4 ./Core/Src/main.o
 .debug_macro   0x0002f124       0xc1 ./Core/Src/main.o
 .debug_macro   0x0002f1e5      0x693 ./Core/Src/main.o
 .debug_macro   0x0002f878       0xa6 ./Core/Src/main.o
 .debug_macro   0x0002f91e      0x5f2 ./Core/Src/main.o
 .debug_macro   0x0002ff10       0xeb ./Core/Src/main.o
 .debug_macro   0x0002fffb       0x16 ./Core/Src/main.o
 .debug_macro   0x00030011       0x3c ./Core/Src/main.o
 .debug_macro   0x0003004d       0x16 ./Core/Src/main.o
 .debug_macro   0x00030063       0x29 ./Core/Src/main.o
 .debug_macro   0x0003008c       0x12 ./Core/Src/main.o
 .debug_macro   0x0003009e       0xe2 ./Core/Src/main.o
 .debug_macro   0x00030180       0x8e ./Core/Src/main.o
 .debug_macro   0x0003020e       0x58 ./Core/Src/main.o
 .debug_macro   0x00030266       0x16 ./Core/Src/main.o
 .debug_macro   0x0003027c       0x20 ./Core/Src/main.o
 .debug_macro   0x0003029c      0x2ca ./Core/Src/stm32h7xx_hal_msp.o
 .debug_macro   0x00030566      0x2d4 ./Core/Src/stm32h7xx_it.o
 .debug_macro   0x0003083a      0x2ba ./Core/Src/system_stm32h7xx.o
 .debug_macro   0x00030af4      0x2e4 ./Drivers/STM32H7xx_HAL_Driver/Src/stm32h7xx_hal.o
 .debug_macro   0x00030dd8      0x2ba ./Drivers/STM32H7xx_HAL_Driver/Src/stm32h7xx_hal_cortex.o
 .debug_macro   0x00031092      0x2c0 ./Drivers/STM32H7xx_HAL_Driver/Src/stm32h7xx_hal_flash.o
 .debug_macro   0x00031352      0x2c0 ./Drivers/STM32H7xx_HAL_Driver/Src/stm32h7xx_hal_flash_ex.o
 .debug_macro   0x00031612      0x2c1 ./Drivers/STM32H7xx_HAL_Driver/Src/stm32h7xx_hal_gpio.o
 .debug_macro   0x000318d3      0x2f3 ./Drivers/STM32H7xx_HAL_Driver/Src/stm32h7xx_hal_pwr_ex.o
 .debug_macro   0x00031bc6      0x2de ./Drivers/STM32H7xx_HAL_Driver/Src/stm32h7xx_hal_rcc.o
 .debug_macro   0x00031ea4      0x2d8 ./Drivers/STM32H7xx_HAL_Driver/Src/stm32h7xx_hal_rcc_ex.o
 .debug_macro   0x0003217c      0x2c2 ./Drivers/STM32H7xx_HAL_Driver/Src/stm32h7xx_hal_spi.o
 .debug_macro   0x0003243e      0x2e5 ./Drivers/STM32H7xx_HAL_Driver/Src/stm32h7xx_hal_uart.o
 .debug_macro   0x00032723      0x2c6 ./Drivers/STM32H7xx_HAL_Driver/Src/stm32h7xx_hal_uart_ex.o
 .debug_macro   0x000329e9      0x357 ./FATFS/App/fatfs.o
 .debug_macro   0x00032d40       0xe5 ./FATFS/App/fatfs.o
 .debug_macro   0x00032e25      0x386 ./FATFS/Target/user_diskio.o
 .debug_macro   0x000331ab       0x10 ./FATFS/Target/user_diskio.o
 .debug_macro   0x000331bb       0x16 ./FATFS/Target/user_diskio.o
 .debug_macro   0x000331d1       0x7c ./FATFS/Target/user_diskio.o
 .debug_macro   0x0003324d      0x427 ./FATFS/Target/user_diskio_spi.o
 .debug_macro   0x00033674       0x10 ./FATFS/Target/user_diskio_spi.o
 .debug_macro   0x00033684      0x344 ./Middlewares/Third_Party/FatFs/src/diskio.o
 .debug_macro   0x000339c8      0x74b ./Middlewares/Third_Party/FatFs/src/ff.o
 .debug_macro   0x00034113      0x344 ./Middlewares/Third_Party/FatFs/src/ff_gen_drv.o

.debug_line     0x00000000    0x19473
 .debug_line    0x00000000      0xfb4 ./Core/Src/main.o
 .debug_line    0x00000fb4      0x9b4 ./Core/Src/stm32h7xx_hal_msp.o
 .debug_line    0x00001968      0x99c ./Core/Src/stm32h7xx_it.o
 .debug_line    0x00002304      0xaea ./Core/Src/system_stm32h7xx.o
 .debug_line    0x00002dee       0x7b ./Core/Startup/startup_stm32h723vgtx.o
 .debug_line    0x00002e69      0xf59 ./Drivers/STM32H7xx_HAL_Driver/Src/stm32h7xx_hal.o
 .debug_line    0x00003dc2      0xeab ./Drivers/STM32H7xx_HAL_Driver/Src/stm32h7xx_hal_cortex.o
 .debug_line    0x00004c6d      0xd23 ./Drivers/STM32H7xx_HAL_Driver/Src/stm32h7xx_hal_flash.o
 .debug_line    0x00005990     0x1082 ./Drivers/STM32H7xx_HAL_Driver/Src/stm32h7xx_hal_flash_ex.o
 .debug_line    0x00006a12      0xd4a ./Drivers/STM32H7xx_HAL_Driver/Src/stm32h7xx_hal_gpio.o
 .debug_line    0x0000775c      0xf94 ./Drivers/STM32H7xx_HAL_Driver/Src/stm32h7xx_hal_pwr_ex.o
 .debug_line    0x000086f0     0x14d3 ./Drivers/STM32H7xx_HAL_Driver/Src/stm32h7xx_hal_rcc.o
 .debug_line    0x00009bc3     0x1d87 ./Drivers/STM32H7xx_HAL_Driver/Src/stm32h7xx_hal_rcc_ex.o
 .debug_line    0x0000b94a     0x22a0 ./Drivers/STM32H7xx_HAL_Driver/Src/stm32h7xx_hal_spi.o
 .debug_line    0x0000dbea     0x3ab0 ./Drivers/STM32H7xx_HAL_Driver/Src/stm32h7xx_hal_uart.o
 .debug_line    0x0001169a      0xe51 ./Drivers/STM32H7xx_HAL_Driver/Src/stm32h7xx_hal_uart_ex.o
 .debug_line    0x000124eb      0x9b1 ./FATFS/App/fatfs.o
 .debug_line    0x00012e9c      0xa18 ./FATFS/Target/user_diskio.o
 .debug_line    0x000138b4     0x1085 ./FATFS/Target/user_diskio_spi.o
 .debug_line    0x00014939      0xa3d ./Middlewares/Third_Party/FatFs/src/diskio.o
 .debug_line    0x00015376     0x36c3 ./Middlewares/Third_Party/FatFs/src/ff.o
 .debug_line    0x00018a39      0xa3a ./Middlewares/Third_Party/FatFs/src/ff_gen_drv.o

.debug_str      0x00000000   0x1470ab
 .debug_str     0x00000000   0x1470ab ./Core/Src/main.o
                             0x14226c (size before relaxing)
 .debug_str     0x001470ab   0x140ce6 ./Core/Src/stm32h7xx_hal_msp.o
 .debug_str     0x001470ab   0x13fed8 ./Core/Src/stm32h7xx_it.o
 .debug_str     0x001470ab   0x14034c ./Core/Src/system_stm32h7xx.o
 .debug_str     0x001470ab       0x8a ./Core/Startup/startup_stm32h723vgtx.o
 .debug_str     0x001470ab   0x141390 ./Drivers/STM32H7xx_HAL_Driver/Src/stm32h7xx_hal.o
 .debug_str     0x001470ab   0x140cb1 ./Drivers/STM32H7xx_HAL_Driver/Src/stm32h7xx_hal_cortex.o
 .debug_str     0x001470ab   0x140302 ./Drivers/STM32H7xx_HAL_Driver/Src/stm32h7xx_hal_flash.o
 .debug_str     0x001470ab   0x140619 ./Drivers/STM32H7xx_HAL_Driver/Src/stm32h7xx_hal_flash_ex.o
 .debug_str     0x001470ab   0x140351 ./Drivers/STM32H7xx_HAL_Driver/Src/stm32h7xx_hal_gpio.o
 .debug_str     0x001470ab   0x140760 ./Drivers/STM32H7xx_HAL_Driver/Src/stm32h7xx_hal_pwr_ex.o
 .debug_str     0x001470ab   0x1406d4 ./Drivers/STM32H7xx_HAL_Driver/Src/stm32h7xx_hal_rcc.o
 .debug_str     0x001470ab   0x140bec ./Drivers/STM32H7xx_HAL_Driver/Src/stm32h7xx_hal_rcc_ex.o
 .debug_str     0x001470ab   0x140a57 ./Drivers/STM32H7xx_HAL_Driver/Src/stm32h7xx_hal_spi.o
 .debug_str     0x001470ab   0x141274 ./Drivers/STM32H7xx_HAL_Driver/Src/stm32h7xx_hal_uart.o
 .debug_str     0x001470ab   0x140834 ./Drivers/STM32H7xx_HAL_Driver/Src/stm32h7xx_hal_uart_ex.o
 .debug_str     0x001470ab   0x140718 ./FATFS/App/fatfs.o
 .debug_str     0x001470ab   0x1406fa ./FATFS/Target/user_diskio.o
 .debug_str     0x001470ab   0x140f0c ./FATFS/Target/user_diskio_spi.o
 .debug_str     0x001470ab   0x140627 ./Middlewares/Third_Party/FatFs/src/diskio.o
 .debug_str     0x001470ab   0x14188a ./Middlewares/Third_Party/FatFs/src/ff.o
 .debug_str     0x001470ab   0x140678 ./Middlewares/Third_Party/FatFs/src/ff_gen_drv.o

.comment        0x00000000       0x43
 .comment       0x00000000       0x43 ./Core/Src/main.o
                                 0x44 (size before relaxing)
 .comment       0x00000043       0x44 ./Core/Src/stm32h7xx_hal_msp.o
 .comment       0x00000043       0x44 ./Core/Src/stm32h7xx_it.o
 .comment       0x00000043       0x44 ./Core/Src/system_stm32h7xx.o
 .comment       0x00000043       0x44 ./Drivers/STM32H7xx_HAL_Driver/Src/stm32h7xx_hal.o
 .comment       0x00000043       0x44 ./Drivers/STM32H7xx_HAL_Driver/Src/stm32h7xx_hal_cortex.o
 .comment       0x00000043       0x44 ./Drivers/STM32H7xx_HAL_Driver/Src/stm32h7xx_hal_flash.o
 .comment       0x00000043       0x44 ./Drivers/STM32H7xx_HAL_Driver/Src/stm32h7xx_hal_flash_ex.o
 .comment       0x00000043       0x44 ./Drivers/STM32H7xx_HAL_Driver/Src/stm32h7xx_hal_gpio.o
 .comment       0x00000043       0x44 ./Drivers/STM32H7xx_HAL_Driver/Src/stm32h7xx_hal_pwr_ex.o
 .comment       0x00000043       0x44 ./Drivers/STM32H7xx_HAL_Driver/Src/stm32h7xx_hal_rcc.o
 .comment       0x00000043       0x44 ./Drivers/STM32H7xx_HAL_Driver/Src/stm32h7xx_hal_rcc_ex.o
 .comment       0x00000043       0x44 ./Drivers/STM32H7xx_HAL_Driver/Src/stm32h7xx_hal_spi.o
 .comment       0x00000043       0x44 ./Drivers/STM32H7xx_HAL_Driver/Src/stm32h7xx_hal_uart.o
 .comment       0x00000043       0x44 ./Drivers/STM32H7xx_HAL_Driver/Src/stm32h7xx_hal_uart_ex.o
 .comment       0x00000043       0x44 ./FATFS/App/fatfs.o
 .comment       0x00000043       0x44 ./FATFS/Target/user_diskio.o
 .comment       0x00000043       0x44 ./FATFS/Target/user_diskio_spi.o
 .comment       0x00000043       0x44 ./Middlewares/Third_Party/FatFs/src/diskio.o
 .comment       0x00000043       0x44 ./Middlewares/Third_Party/FatFs/src/ff.o
 .comment       0x00000043       0x44 ./Middlewares/Third_Party/FatFs/src/ff_gen_drv.o

.debug_frame    0x00000000     0x4360
 .debug_frame   0x00000000      0x1bc ./Core/Src/main.o
 .debug_frame   0x000001bc       0xcc ./Core/Src/stm32h7xx_hal_msp.o
 .debug_frame   0x00000288       0xf8 ./Core/Src/stm32h7xx_it.o
 .debug_frame   0x00000380       0x60 ./Core/Src/system_stm32h7xx.o
 .debug_frame   0x000003e0      0x6a0 ./Drivers/STM32H7xx_HAL_Driver/Src/stm32h7xx_hal.o
 .debug_frame   0x00000a80      0x4b8 ./Drivers/STM32H7xx_HAL_Driver/Src/stm32h7xx_hal_cortex.o
 .debug_frame   0x00000f38      0x1e0 ./Drivers/STM32H7xx_HAL_Driver/Src/stm32h7xx_hal_flash.o
 .debug_frame   0x00001118      0x420 ./Drivers/STM32H7xx_HAL_Driver/Src/stm32h7xx_hal_flash_ex.o
 .debug_frame   0x00001538      0x130 ./Drivers/STM32H7xx_HAL_Driver/Src/stm32h7xx_hal_gpio.o
 .debug_frame   0x00001668      0x4c8 ./Drivers/STM32H7xx_HAL_Driver/Src/stm32h7xx_hal_pwr_ex.o
 .debug_frame   0x00001b30      0x1e4 ./Drivers/STM32H7xx_HAL_Driver/Src/stm32h7xx_hal_rcc.o
 .debug_frame   0x00001d14      0x3d4 ./Drivers/STM32H7xx_HAL_Driver/Src/stm32h7xx_hal_rcc_ex.o
 .debug_frame   0x000020e8      0x73c ./Drivers/STM32H7xx_HAL_Driver/Src/stm32h7xx_hal_spi.o
 .debug_frame   0x00002824      0xa1c ./Drivers/STM32H7xx_HAL_Driver/Src/stm32h7xx_hal_uart.o
 .debug_frame   0x00003240      0x29c ./Drivers/STM32H7xx_HAL_Driver/Src/stm32h7xx_hal_uart_ex.o
 .debug_frame   0x000034dc       0x48 ./FATFS/App/fatfs.o
 .debug_frame   0x00003524       0xc4 ./FATFS/Target/user_diskio.o
 .debug_frame   0x000035e8      0x220 ./FATFS/Target/user_diskio_spi.o
 .debug_frame   0x00003808       0xe8 ./Middlewares/Third_Party/FatFs/src/diskio.o
 .debug_frame   0x000038f0      0x908 ./Middlewares/Third_Party/FatFs/src/ff.o
 .debug_frame   0x000041f8       0xbc ./Middlewares/Third_Party/FatFs/src/ff_gen_drv.o
 .debug_frame   0x000042b4       0x20 C:/ST/STM32CubeIDE2.1.1/STM32CubeIDE/plugins/com.st.stm32cube.ide.mcu.externaltools.gnu-tools-for-stm32.14.3.rel1.win32_1.0.100.202602081740/tools/bin/../lib/gcc/arm-none-eabi/14.3.1/../../../../arm-none-eabi/lib/thumb/v7e-m+dp/hard\libc_nano.a(libc_a-memset.o)
 .debug_frame   0x000042d4       0x2c C:/ST/STM32CubeIDE2.1.1/STM32CubeIDE/plugins/com.st.stm32cube.ide.mcu.externaltools.gnu-tools-for-stm32.14.3.rel1.win32_1.0.100.202602081740/tools/bin/../lib/gcc/arm-none-eabi/14.3.1/../../../../arm-none-eabi/lib/thumb/v7e-m+dp/hard\libc_nano.a(libc_a-init.o)
 .debug_frame   0x00004300       0x2c C:/ST/STM32CubeIDE2.1.1/STM32CubeIDE/plugins/com.st.stm32cube.ide.mcu.externaltools.gnu-tools-for-stm32.14.3.rel1.win32_1.0.100.202602081740/tools/bin/../lib/gcc/arm-none-eabi/14.3.1/thumb/v7e-m+dp/hard\libgcc.a(_aeabi_uldivmod.o)
 .debug_frame   0x0000432c       0x34 C:/ST/STM32CubeIDE2.1.1/STM32CubeIDE/plugins/com.st.stm32cube.ide.mcu.externaltools.gnu-tools-for-stm32.14.3.rel1.win32_1.0.100.202602081740/tools/bin/../lib/gcc/arm-none-eabi/14.3.1/thumb/v7e-m+dp/hard\libgcc.a(_udivmoddi4.o)

.debug_line_str
                0x00000000       0x6e
 .debug_line_str
                0x00000000       0x6e ./Core/Startup/startup_stm32h723vgtx.o
