../Core/Src/main.c:811:13:MX_GPIO_Init	8	static
../Core/Src/main.c:763:13:MX_USART1_UART_Init	8	static,ignoring_inline_asm
../Core/Src/main.c:145:10:crc32b	12	static
../Core/Src/main.c:159:10:uart_printf	336	static
../Core/Src/main.c:277:10:compareFlashToFile	40	static
../Core/Src/main.c:326:5:CopyFileToFlashMemory	40	static
../Core/Src/main.c:637:6:SystemClock_Config	128	static,ignoring_inline_asm
../Core/Src/main.c:696:6:PeriphCommonClock_Config	192	static,ignoring_inline_asm
../Core/Src/main.c:401:5:main	64	static,ignoring_inline_asm
../Core/Src/main.c:861:6:Error_Handler	0	static,ignoring_inline_asm
