../Core/Src/main.c:145:10:crc32b	32	static
../Core/Src/main.c:159:10:uart_printf	344	static
../Core/Src/main.c:277:10:compareFlashToFile	40	static
../Core/Src/main.c:326:5:CopyFileToFlashMemory	40	static
../Core/Src/main.c:401:5:main	56	static,ignoring_inline_asm
../Core/Src/main.c:637:6:SystemClock_Config	120	static
../Core/Src/main.c:696:6:PeriphCommonClock_Config	192	static
../Core/Src/main.c:715:13:MX_SPI2_Init	8	static
../Core/Src/main.c:763:13:MX_USART1_UART_Init	8	static
../Core/Src/main.c:811:13:MX_GPIO_Init	16	static
../Core/Src/main.c:830:6:MPU_Config	24	static
../Core/Src/main.c:861:6:Error_Handler	4	static,ignoring_inline_asm
