Archive member included to satisfy reference by file (symbol)

C:/ST/STM32CubeIDE2.1.1/STM32CubeIDE/plugins/com.st.stm32cube.ide.mcu.externaltools.gnu-tools-for-stm32.14.3.rel1.win32_1.0.100.202602081740/tools/bin/../lib/gcc/arm-none-eabi/14.3.1/../../../../arm-none-eabi/lib/thumb/v7e-m+dp/hard\libc_nano.a(libc_a-exit.o)
                              C:/ST/STM32CubeIDE2.1.1/STM32CubeIDE/plugins/com.st.stm32cube.ide.mcu.externaltools.gnu-tools-for-stm32.14.3.rel1.win32_1.0.100.202602081740/tools/bin/../lib/gcc/arm-none-eabi/14.3.1/../../../../arm-none-eabi/lib/thumb/v7e-m+dp/hard/crt0.o (exit)
C:/ST/STM32CubeIDE2.1.1/STM32CubeIDE/plugins/com.st.stm32cube.ide.mcu.externaltools.gnu-tools-for-stm32.14.3.rel1.win32_1.0.100.202602081740/tools/bin/../lib/gcc/arm-none-eabi/14.3.1/../../../../arm-none-eabi/lib/thumb/v7e-m+dp/hard\libc_nano.a(libc_a-findfp.o)
                              C:/ST/STM32CubeIDE2.1.1/STM32CubeIDE/plugins/com.st.stm32cube.ide.mcu.externaltools.gnu-tools-for-stm32.14.3.rel1.win32_1.0.100.202602081740/tools/bin/../lib/gcc/arm-none-eabi/14.3.1/../../../../arm-none-eabi/lib/thumb/v7e-m+dp/hard\libc_nano.a(libc_a-exit.o) (__stdio_exit_handler)
C:/ST/STM32CubeIDE2.1.1/STM32CubeIDE/plugins/com.st.stm32cube.ide.mcu.externaltools.gnu-tools-for-stm32.14.3.rel1.win32_1.0.100.202602081740/tools/bin/../lib/gcc/arm-none-eabi/14.3.1/../../../../arm-none-eabi/lib/thumb/v7e-m+dp/hard\libc_nano.a(libc_a-fwalk.o)
                              C:/ST/STM32CubeIDE2.1.1/STM32CubeIDE/plugins/com.st.stm32cube.ide.mcu.externaltools.gnu-tools-for-stm32.14.3.rel1.win32_1.0.100.202602081740/tools/bin/../lib/gcc/arm-none-eabi/14.3.1/../../../../arm-none-eabi/lib/thumb/v7e-m+dp/hard\libc_nano.a(libc_a-findfp.o) (_fwalk_sglue)
C:/ST/STM32CubeIDE2.1.1/STM32CubeIDE/plugins/com.st.stm32cube.ide.mcu.externaltools.gnu-tools-for-stm32.14.3.rel1.win32_1.0.100.202602081740/tools/bin/../lib/gcc/arm-none-eabi/14.3.1/../../../../arm-none-eabi/lib/thumb/v7e-m+dp/hard\libc_nano.a(libc_a-stdio.o)
                              C:/ST/STM32CubeIDE2.1.1/STM32CubeIDE/plugins/com.st.stm32cube.ide.mcu.externaltools.gnu-tools-for-stm32.14.3.rel1.win32_1.0.100.202602081740/tools/bin/../lib/gcc/arm-none-eabi/14.3.1/../../../../arm-none-eabi/lib/thumb/v7e-m+dp/hard\libc_nano.a(libc_a-findfp.o) (__sread)
C:/ST/STM32CubeIDE2.1.1/STM32CubeIDE/plugins/com.st.stm32cube.ide.mcu.externaltools.gnu-tools-for-stm32.14.3.rel1.win32_1.0.100.202602081740/tools/bin/../lib/gcc/arm-none-eabi/14.3.1/../../../../arm-none-eabi/lib/thumb/v7e-m+dp/hard\libc_nano.a(libc_a-memset.o)
                              C:/ST/STM32CubeIDE2.1.1/STM32CubeIDE/plugins/com.st.stm32cube.ide.mcu.externaltools.gnu-tools-for-stm32.14.3.rel1.win32_1.0.100.202602081740/tools/bin/../lib/gcc/arm-none-eabi/14.3.1/../../../../arm-none-eabi/lib/thumb/v7e-m+dp/hard/crt0.o (memset)
C:/ST/STM32CubeIDE2.1.1/STM32CubeIDE/plugins/com.st.stm32cube.ide.mcu.externaltools.gnu-tools-for-stm32.14.3.rel1.win32_1.0.100.202602081740/tools/bin/../lib/gcc/arm-none-eabi/14.3.1/../../../../arm-none-eabi/lib/thumb/v7e-m+dp/hard\libc_nano.a(libc_a-closer.o)
                              C:/ST/STM32CubeIDE2.1.1/STM32CubeIDE/plugins/com.st.stm32cube.ide.mcu.externaltools.gnu-tools-for-stm32.14.3.rel1.win32_1.0.100.202602081740/tools/bin/../lib/gcc/arm-none-eabi/14.3.1/../../../../arm-none-eabi/lib/thumb/v7e-m+dp/hard\libc_nano.a(libc_a-stdio.o) (_close_r)
C:/ST/STM32CubeIDE2.1.1/STM32CubeIDE/plugins/com.st.stm32cube.ide.mcu.externaltools.gnu-tools-for-stm32.14.3.rel1.win32_1.0.100.202602081740/tools/bin/../lib/gcc/arm-none-eabi/14.3.1/../../../../arm-none-eabi/lib/thumb/v7e-m+dp/hard\libc_nano.a(libc_a-reent.o)
                              C:/ST/STM32CubeIDE2.1.1/STM32CubeIDE/plugins/com.st.stm32cube.ide.mcu.externaltools.gnu-tools-for-stm32.14.3.rel1.win32_1.0.100.202602081740/tools/bin/../lib/gcc/arm-none-eabi/14.3.1/../../../../arm-none-eabi/lib/thumb/v7e-m+dp/hard\libc_nano.a(libc_a-closer.o) (errno)
C:/ST/STM32CubeIDE2.1.1/STM32CubeIDE/plugins/com.st.stm32cube.ide.mcu.externaltools.gnu-tools-for-stm32.14.3.rel1.win32_1.0.100.202602081740/tools/bin/../lib/gcc/arm-none-eabi/14.3.1/../../../../arm-none-eabi/lib/thumb/v7e-m+dp/hard\libc_nano.a(libc_a-impure.o)
                              C:/ST/STM32CubeIDE2.1.1/STM32CubeIDE/plugins/com.st.stm32cube.ide.mcu.externaltools.gnu-tools-for-stm32.14.3.rel1.win32_1.0.100.202602081740/tools/bin/../lib/gcc/arm-none-eabi/14.3.1/../../../../arm-none-eabi/lib/thumb/v7e-m+dp/hard\libc_nano.a(libc_a-reent.o) (_impure_ptr)
C:/ST/STM32CubeIDE2.1.1/STM32CubeIDE/plugins/com.st.stm32cube.ide.mcu.externaltools.gnu-tools-for-stm32.14.3.rel1.win32_1.0.100.202602081740/tools/bin/../lib/gcc/arm-none-eabi/14.3.1/../../../../arm-none-eabi/lib/thumb/v7e-m+dp/hard\libc_nano.a(libc_a-lseekr.o)
[...]
Memory Configuration

Name             Origin             Length             Attributes
ITCMRAM          0x00000000         0x00010000         xrw
DTCMRAM          0x20000000         0x00020000         xrw
FLASH            0x08000000         0x00100000         xr
RAM_D1           0x24000000         0x00050000         xrw
RAM_D2           0x30000000         0x00008000         xrw
RAM_D3           0x38000000         0x00004000         xrw
*default*        0x00000000         0xffffffff

Linker script and memory map

LOAD C:/ST/STM32CubeIDE2.1.1/STM32CubeIDE/plugins/com.st.stm32cube.ide.mcu.externaltools.gnu-tools-for-stm32.14.3.rel1.win32_1.0.100.202602081740/tools/bin/../lib/gcc/arm-none-eabi/14.3.1/thumb/v7e-m+dp/hard/crti.o
LOAD C:/ST/STM32CubeIDE2.1.1/STM32CubeIDE/plugins/com.st.stm32cube.ide.mcu.externaltools.gnu-tools-for-stm32.14.3.rel1.win32_1.0.100.202602081740/tools/bin/../lib/gcc/arm-none-eabi/14.3.1/thumb/v7e-m+dp/hard/crtbegin.o
LOAD C:/ST/STM32CubeIDE2.1.1/STM32CubeIDE/plugins/com.st.stm32cube.ide.mcu.externaltools.gnu-tools-for-stm32.14.3.rel1.win32_1.0.100.202602081740/tools/bin/../lib/gcc/arm-none-eabi/14.3.1/../../../../arm-none-eabi/lib/thumb/v7e-m+dp/hard/crt0.o
LOAD ./Core/Src/main.o
LOAD ./Core/Src/stm32h7xx_hal_msp.o
LOAD ./Core/Src/stm32h7xx_it.o
LOAD ./Core/Src/syscalls.o
LOAD ./Core/Src/sysmem.o
LOAD ./Core/Src/system_stm32h7xx.o
LOAD ./Core/Startup/startup_stm32h723vgtx.o
LOAD ./Drivers/STM32H7xx_HAL_Driver/Src/stm32h7xx_hal.o
LOAD ./Drivers/STM32H7xx_HAL_Driver/Src/stm32h7xx_hal_cortex.o
LOAD ./Drivers/STM32H7xx_HAL_Driver/Src/stm32h7xx_hal_dma.o
LOAD ./Drivers/STM32H7xx_HAL_Driver/Src/stm32h7xx_hal_dma_ex.o
LOAD ./Drivers/STM32H7xx_HAL_Driver/Src/stm32h7xx_hal_exti.o
LOAD ./Drivers/STM32H7xx_HAL_Driver/Src/stm32h7xx_hal_flash.o
LOAD ./Drivers/STM32H7xx_HAL_Driver/Src/stm32h7xx_hal_flash_ex.o
LOAD ./Drivers/STM32H7xx_HAL_Driver/Src/stm32h7xx_hal_gpio.o
LOAD ./Drivers/STM32H7xx_HAL_Driver/Src/stm32h7xx_hal_hsem.o
LOAD ./Drivers/STM32H7xx_HAL_Driver/Src/stm32h7xx_hal_i2c.o
LOAD ./Drivers/STM32H7xx_HAL_Driver/Src/stm32h7xx_hal_i2c_ex.o
LOAD ./Drivers/STM32H7xx_HAL_Driver/Src/stm32h7xx_hal_mdma.o
LOAD ./Drivers/STM32H7xx_HAL_Driver/Src/stm32h7xx_hal_pwr.o
LOAD ./Drivers/STM32H7xx_HAL_Driver/Src/stm32h7xx_hal_pwr_ex.o
LOAD ./Drivers/STM32H7xx_HAL_Driver/Src/stm32h7xx_hal_rcc.o
LOAD ./Drivers/STM32H7xx_HAL_Driver/Src/stm32h7xx_hal_rcc_ex.o
LOAD ./Drivers/STM32H7xx_HAL_Driver/Src/stm32h7xx_hal_spi.o
LOAD ./Drivers/STM32H7xx_HAL_Driver/Src/stm32h7xx_hal_spi_ex.o
LOAD ./Drivers/STM32H7xx_HAL_Driver/Src/stm32h7xx_hal_tim.o
LOAD ./Drivers/STM32H7xx_HAL_Driver/Src/stm32h7xx_hal_tim_ex.o
LOAD ./Drivers/STM32H7xx_HAL_Driver/Src/stm32h7xx_hal_uart.o
LOAD ./Drivers/STM32H7xx_HAL_Driver/Src/stm32h7xx_hal_uart_ex.o
LOAD ./FATFS/App/fatfs.o
LOAD ./FATFS/Target/user_diskio.o
LOAD ./FATFS/Target/user_diskio_spi.o
LOAD ./Middlewares/Third_Party/FatFs/src/diskio.o
LOAD ./Middlewares/Third_Party/FatFs/src/ff.o
LOAD ./Middlewares/Third_Party/FatFs/src/ff_gen_drv.o
LOAD ./Middlewares/Third_Party/FatFs/src/option/syscall.o
START GROUP
LOAD C:/ST/STM32CubeIDE2.1.1/STM32CubeIDE/plugins/com.st.stm32cube.ide.mcu.externaltools.gnu-tools-for-stm32.14.3.rel1.win32_1.0.100.202602081740/tools/bin/../lib/gcc/arm-none-eabi/14.3.1/../../../../arm-none-eabi/lib/thumb/v7e-m+dp/hard\libc_nano.a
LOAD C:/ST/STM32CubeIDE2.1.1/STM32CubeIDE/plugins/com.st.stm32cube.ide.mcu.externaltools.gnu-tools-for-stm32.14.3.rel1.win32_1.0.100.202602081740/tools/bin/../lib/gcc/arm-none-eabi/14.3.1/../../../../arm-none-eabi/lib/thumb/v7e-m+dp/hard\libm.a
END GROUP
START GROUP
LOAD C:/ST/STM32CubeIDE2.1.1/STM32CubeIDE/plugins/com.st.stm32cube.ide.mcu.externaltools.gnu-tools-for-stm32.14.3.rel1.win32_1.0.100.202602081740/tools/bin/../lib/gcc/arm-none-eabi/14.3.1/thumb/v7e-m+dp/hard\libgcc.a
LOAD C:/ST/STM32CubeIDE2.1.1/STM32CubeIDE/plugins/com.st.stm32cube.ide.mcu.externaltools.gnu-tools-for-stm32.14.3.rel1.win32_1.0.100.202602081740/tools/bin/../lib/gcc/arm-none-eabi/14.3.1/../../../../arm-none-eabi/lib/thumb/v7e-m+dp/hard\libc_nano.a
END GROUP
START GROUP
LOAD C:/ST/STM32CubeIDE2.1.1/STM32CubeIDE/plugins/com.st.stm32cube.ide.mcu.externaltools.gnu-tools-for-stm32.14.3.rel1.win32_1.0.100.202602081740/tools/bin/../lib/gcc/arm-none-eabi/14.3.1/thumb/v7e-m+dp/hard\libgcc.a
LOAD C:/ST/STM32CubeIDE2.1.1/STM32CubeIDE/plugins/com.st.stm32cube.ide.mcu.externaltools.gnu-tools-for-stm32.14.3.rel1.win32_1.0.100.202602081740/tools/bin/../lib/gcc/arm-none-eabi/14.3.1/../../../../arm-none-eabi/lib/thumb/v7e-m+dp/hard\libc_nano.a
LOAD C:/ST/STM32CubeIDE2.1.1/STM32CubeIDE/plugins/com.st.stm32cube.ide.mcu.externaltools.gnu-tools-for-stm32.14.3.rel1.win32_1.0.100.202602081740/tools/bin/../lib/gcc/arm-none-eabi/14.3.1/../../../../arm-none-eabi/lib/thumb/v7e-m+dp/hard\libnosys.a
END GROUP
START GROUP
LOAD C:/ST/STM32CubeIDE2.1.1/STM32CubeIDE/plugins/com.st.stm32cube.ide.mcu.externaltools.gnu-tools-for-stm32.14.3.rel1.win32_1.0.100.202602081740/tools/bin/../lib/gcc/arm-none-eabi/14.3.1/thumb/v7e-m+dp/hard\libgcc.a
LOAD C:/ST/STM32CubeIDE2.1.1/STM32CubeIDE/plugins/com.st.stm32cube.ide.mcu.externaltools.gnu-tools-for-stm32.14.3.rel1.win32_1.0.100.202602081740/tools/bin/../lib/gcc/arm-none-eabi/14.3.1/../../../../arm-none-eabi/lib/thumb/v7e-m+dp/hard\libc_nano.a
LOAD C:/ST/STM32CubeIDE2.1.1/STM32CubeIDE/plugins/com.st.stm32cube.ide.mcu.externaltools.gnu-tools-for-stm32.14.3.rel1.win32_1.0.100.202602081740/tools/bin/../lib/gcc/arm-none-eabi/14.3.1/../../../../arm-none-eabi/lib/thumb/v7e-m+dp/hard\libnosys.a
END GROUP
LOAD C:/ST/STM32CubeIDE2.1.1/STM32CubeIDE/plugins/com.st.stm32cube.ide.mcu.externaltools.gnu-tools-for-stm32.14.3.rel1.win32_1.0.100.202602081740/tools/bin/../lib/gcc/arm-none-eabi/14.3.1/thumb/v7e-m+dp/hard/crtend.o
LOAD C:/ST/STM32CubeIDE2.1.1/STM32CubeIDE/plugins/com.st.stm32cube.ide.mcu.externaltools.gnu-tools-for-stm32.14.3.rel1.win32_1.0.100.202602081740/tools/bin/../lib/gcc/arm-none-eabi/14.3.1/thumb/v7e-m+dp/hard/crtn.o
                0x24050000                        _estack = (ORIGIN (RAM_D1) + LENGTH (RAM_D1))
                0x00000200                        _Min_Heap_Size = 0x200
                0x00000400                        _Min_Stack_Size = 0x400

.isr_vector     0x08000000      0x2cc
                0x08000000                        . = ALIGN (0x4)
 *(.isr_vector)
 .isr_vector    0x08000000      0x2cc ./Core/Startup/startup_stm32h723vgtx.o
                0x08000000                g_pfnVectors
                0x080002cc                        . = ALIGN (0x4)

.text           0x080002cc     0x5368
                0x080002cc                        . = ALIGN (0x4)
 *(.text)
 .text          0x080002cc       0x40 C:/ST/STM32CubeIDE2.1.1/STM32CubeIDE/plugins/com.st.stm32cube.ide.mcu.externaltools.gnu-tools-for-stm32.14.3.rel1.win32_1.0.100.202602081740/tools/bin/../lib/gcc/arm-none-eabi/14.3.1/thumb/v7e-m+dp/hard/crtbegin.o
 .text          0x0800030c       0x30 C:/ST/STM32CubeIDE2.1.1/STM32CubeIDE/plugins/com.st.stm32cube.ide.mcu.externaltools.gnu-tools-for-stm32.14.3.rel1.win32_1.0.100.202602081740/tools/bin/../lib/gcc/arm-none-eabi/14.3.1/thumb/v7e-m+dp/hard\libgcc.a(_aeabi_uldivmod.o)
                0x0800030c                __aeabi_uldivmod
 .text          0x0800033c      0x2f8 C:/ST/STM32CubeIDE2.1.1/STM32CubeIDE/plugins/com.st.stm32cube.ide.mcu.externaltools.gnu-tools-for-stm32.14.3.rel1.win32_1.0.100.202602081740/tools/bin/../lib/gcc/arm-none-eabi/14.3.1/thumb/v7e-m+dp/hard\libgcc.a(_udivmoddi4.o)
                0x0800033c                __udivmoddi4
 .text          0x08000634        0x4 C:/ST/STM32CubeIDE2.1.1/STM32CubeIDE/plugins/com.st.stm32cube.ide.mcu.externaltools.gnu-tools-for-stm32.14.3.rel1.win32_1.0.100.202602081740/tools/bin/../lib/gcc/arm-none-eabi/14.3.1/thumb/v7e-m+dp/hard\libgcc.a(_dvmd_tls.o)
                0x08000634                __aeabi_idiv0
                0x08000634                __aeabi_ldiv0
 *(.text*)
 .text.MX_GPIO_Init
                0x08000638       0x3c ./Core/Src/main.o
 .text.MX_USART1_UART_Init
                0x08000674       0x64 ./Core/Src/main.o
 .text.crc32b   0x080006d8       0x2c ./Core/Src/main.o
                0x080006d8                crc32b
 .text.uart_printf
                0x08000704      0x194 ./Core/Src/main.o
                0x08000704                uart_printf
 .text.compareFlashToFile
                0x08000898       0xe0 ./Core/Src/main.o
                0x08000898                compareFlashToFile
 .text.CopyFileToFlashMemory
                0x08000978      0x138 ./Core/Src/main.o
                0x08000978                CopyFileToFlashMemory
 .text.SystemClock_Config
                0x08000ab0       0xa4 ./Core/Src/main.o
                0x08000ab0                SystemClock_Config
 .text.PeriphCommonClock_Config
                0x08000b54       0x28 ./Core/Src/main.o
                0x08000b54                PeriphCommonClock_Config
 .text.startup.main
                0x08000b7c      0x380 ./Core/Src/main.o
                0x08000b7c                main
 .text.Error_Handler
                0x08000efc        0x4 ./Core/Src/main.o
                0x08000efc                Error_Handler
 .text.HAL_MspInit
                0x08000f00       0x24 ./Core/Src/stm32h7xx_hal_msp.o
                0x08000f00                HAL_MspInit
 .text.HAL_SPI_MspInit
                0x08000f24       0x9c ./Core/Src/stm32h7xx_hal_msp.o
                0x08000f24                HAL_SPI_MspInit
 .text.HAL_UART_MspInit
                0x08000fc0       0x94 ./Core/Src/stm32h7xx_hal_msp.o
                0x08000fc0                HAL_UART_MspInit
 .text.NMI_Handler
                0x08001054        0x2 ./Core/Src/stm32h7xx_it.o
                0x08001054                NMI_Handler
 .text.HardFault_Handler
                0x08001056        0x2 ./Core/Src/stm32h7xx_it.o
                0x08001056                HardFault_Handler
 .text.MemManage_Handler
                0x08001058        0x2 ./Core/Src/stm32h7xx_it.o
                0x08001058                MemManage_Handler
 .text.BusFault_Handler
                0x0800105a        0x2 ./Core/Src/stm32h7xx_it.o
                0x0800105a                BusFault_Handler
 .text.UsageFault_Handler
                0x0800105c        0x2 ./Core/Src/stm32h7xx_it.o
                0x0800105c                UsageFault_Handler
 .text.SVC_Handler
                0x0800105e        0x2 ./Core/Src/stm32h7xx_it.o
                0x0800105e                SVC_Handler
 .text.DebugMon_Handler
                0x08001060        0x2 ./Core/Src/stm32h7xx_it.o
                0x08001060                DebugMon_Handler
 .text.PendSV_Handler
                0x08001062        0x2 ./Core/Src/stm32h7xx_it.o
                0x08001062                PendSV_Handler
 .text.SysTick_Handler
                0x08001064        0x4 ./Core/Src/stm32h7xx_it.o
                0x08001064                SysTick_Handler
 .text.SystemInit
                0x08001068       0xc4 ./Core/Src/system_stm32h7xx.o
                0x08001068                SystemInit
 .text.ExitRun0Mode
                0x0800112c       0x18 ./Core/Src/system_stm32h7xx.o
                0x0800112c                ExitRun0Mode
 .text.Reset_Handler
                0x08001144       0x54 ./Core/Startup/startup_stm32h723vgtx.o
                0x08001144                Reset_Handler
 .text.Default_Handler
                0x08001198        0x2 ./Core/Startup/startup_stm32h723vgtx.o
                0x08001198                RTC_Alarm_IRQHandler
                0x08001198                EXTI2_IRQHandler
                0x08001198                TIM8_CC_IRQHandler
                0x08001198                UART8_IRQHandler
                0x08001198                SPI4_IRQHandler
                0x08001198                FDCAN3_IT0_IRQHandler
                0x08001198                TIM1_CC_IRQHandler
                0x08001198                BDMA_Channel6_IRQHandler
                0x08001198                DMA2_Stream5_IRQHandler
                0x08001198                DMA1_Stream5_IRQHandler
                0x08001198                CORDIC_IRQHandler
                0x08001198                BDMA_Channel1_IRQHandler
                0x08001198                TAMP_STAMP_IRQHandler
                0x08001198                EXTI3_IRQHandler
                0x08001198                LPTIM4_IRQHandler
                0x08001198                TIM8_TRG_COM_TIM14_IRQHandler
                0x08001198                LPTIM2_IRQHandler
                0x08001198                DFSDM1_FLT1_IRQHandler
                0x08001198                DMAMUX2_OVR_IRQHandler
                0x08001198                TIM8_UP_TIM13_IRQHandler
                0x08001198                I2C3_ER_IRQHandler
                0x08001198                DFSDM1_FLT2_IRQHandler
                0x08001198                I2C5_EV_IRQHandler
                0x08001198                USART10_IRQHandler
                0x08001198                MDMA_IRQHandler
                0x08001198                LPTIM3_IRQHandler
                0x08001198                HSEM1_IRQHandler
                0x08001198                EXTI0_IRQHandler
                0x08001198                I2C2_EV_IRQHandler
                0x08001198                DMA1_Stream2_IRQHandler
                0x08001198                FPU_IRQHandler
                0x08001198                OTG_HS_WKUP_IRQHandler
                0x08001198                FDCAN1_IT1_IRQHandler
                0x08001198                LTDC_ER_IRQHandler
                0x08001198                DMA2_Stream2_IRQHandler
                0x08001198                SPI1_IRQHandler
                0x08001198                OCTOSPI1_IRQHandler
                0x08001198                TIM6_DAC_IRQHandler
                0x08001198                DMA2_Stream3_IRQHandler
                0x08001198                OCTOSPI2_IRQHandler
                0x08001198                DFSDM1_FLT3_IRQHandler
                0x08001198                TIM23_IRQHandler
                0x08001198                USART6_IRQHandler
                0x08001198                TIM17_IRQHandler
                0x08001198                USART3_IRQHandler
                0x08001198                BDMA_Channel7_IRQHandler
                0x08001198                LPTIM5_IRQHandler
                0x08001198                UART5_IRQHandler
                0x08001198                ADC3_IRQHandler
                0x08001198                DMA2_Stream0_IRQHandler
                0x08001198                TIM4_IRQHandler
                0x08001198                BDMA_Channel2_IRQHandler
                0x08001198                I2C1_EV_IRQHandler
                0x08001198                DMA1_Stream6_IRQHandler
                0x08001198                DMAMUX1_OVR_IRQHandler
                0x08001198                DMA1_Stream1_IRQHandler
                0x08001198                TIM16_IRQHandler
                0x08001198                UART4_IRQHandler
                0x08001198                BDMA_Channel5_IRQHandler
                0x08001198                TIM3_IRQHandler
                0x08001198                RCC_IRQHandler
                0x08001198                UART9_IRQHandler
                0x08001198                TIM8_BRK_TIM12_IRQHandler
                0x08001198                TIM1_TRG_COM_IRQHandler
                0x08001198                Default_Handler
                0x08001198                ECC_IRQHandler
                0x08001198                FMAC_IRQHandler
                0x08001198                CEC_IRQHandler
                0x08001198                EXTI15_10_IRQHandler
                0x08001198                BDMA_Channel0_IRQHandler
                0x08001198                ADC_IRQHandler
                0x08001198                I2C5_ER_IRQHandler
                0x08001198                DMA1_Stream7_IRQHandler
                0x08001198                SPI5_IRQHandler
                0x08001198                TIM7_IRQHandler
                0x08001198                FDCAN3_IT1_IRQHandler
                0x08001198                SDMMC1_IRQHandler
                0x08001198                TIM5_IRQHandler
                0x08001198                DMA2_Stream7_IRQHandler
                0x08001198                TIM15_IRQHandler
                0x08001198                PVD_AVD_IRQHandler
                0x08001198                I2C3_EV_IRQHandler
                0x08001198                EXTI9_5_IRQHandler
                0x08001198                RTC_WKUP_IRQHandler
                0x08001198                LTDC_IRQHandler
                0x08001198                ETH_WKUP_IRQHandler
                0x08001198                SPDIF_RX_IRQHandler
                0x08001198                SPI2_IRQHandler
                0x08001198                OTG_HS_EP1_IN_IRQHandler
                0x08001198                DMA1_Stream0_IRQHandler
                0x08001198                TIM24_IRQHandler
                0x08001198                CRS_IRQHandler
                0x08001198                EXTI4_IRQHandler
                0x08001198                RNG_IRQHandler
                0x08001198                FDCAN2_IT1_IRQHandler
                0x08001198                ETH_IRQHandler
                0x08001198                TIM1_UP_IRQHandler
                0x08001198                BDMA_Channel4_IRQHandler
                0x08001198                OTG_HS_EP1_OUT_IRQHandler
                0x08001198                WWDG_IRQHandler
                0x08001198                SPI6_IRQHandler
                0x08001198                MDIOS_IRQHandler
                0x08001198                I2C4_EV_IRQHandler
                0x08001198                FDCAN2_IT0_IRQHandler
                0x08001198                LPUART1_IRQHandler
                0x08001198                FDCAN1_IT0_IRQHandler
                0x08001198                TIM2_IRQHandler
                0x08001198                OTG_HS_IRQHandler
                0x08001198                DMA2D_IRQHandler
                0x08001198                TIM1_BRK_IRQHandler
                0x08001198                EXTI1_IRQHandler
                0x08001198                SDMMC2_IRQHandler
                0x08001198                BDMA_Channel3_IRQHandler
                0x08001198                DTS_IRQHandler
                0x08001198                UART7_IRQHandler
                0x08001198                MDIOS_WKUP_IRQHandler
                0x08001198                USART2_IRQHandler
                0x08001198                DFSDM1_FLT0_IRQHandler
                0x08001198                SAI4_IRQHandler
                0x08001198                I2C2_ER_IRQHandler
                0x08001198                DMA2_Stream1_IRQHandler
                0x08001198                FLASH_IRQHandler
                0x08001198                DMA2_Stream4_IRQHandler
                0x08001198                USART1_IRQHandler
                0x08001198                SPI3_IRQHandler
                0x08001198                WAKEUP_PIN_IRQHandler
                0x08001198                DMA1_Stream4_IRQHandler
                0x08001198                I2C1_ER_IRQHandler
                0x08001198                FMC_IRQHandler
                0x08001198                FDCAN_CAL_IRQHandler
                0x08001198                SWPMI1_IRQHandler
                0x08001198                COMP1_IRQHandler
                0x08001198                LPTIM1_IRQHandler
                0x08001198                DCMI_PSSI_IRQHandler
                0x08001198                I2C4_ER_IRQHandler
                0x08001198                DMA2_Stream6_IRQHandler
                0x08001198                SAI1_IRQHandler
                0x08001198                DMA1_Stream3_IRQHandler
 .text.HAL_MspDeInit
                0x0800119a        0x2 ./Drivers/STM32H7xx_HAL_Driver/Src/stm32h7xx_hal.o
                0x0800119a                HAL_MspDeInit
 .text.HAL_DeInit
                0x0800119c       0x90 ./Drivers/STM32H7xx_HAL_Driver/Src/stm32h7xx_hal.o
                0x0800119c                HAL_DeInit
 .text.HAL_InitTick
                0x0800122c       0x4c ./Drivers/STM32H7xx_HAL_Driver/Src/stm32h7xx_hal.o
                0x0800122c                HAL_InitTick
 .text.HAL_Init
                0x08001278       0x5c ./Drivers/STM32H7xx_HAL_Driver/Src/stm32h7xx_hal.o
                0x08001278                HAL_Init
 .text.HAL_IncTick
                0x080012d4       0x18 ./Drivers/STM32H7xx_HAL_Driver/Src/stm32h7xx_hal.o
                0x080012d4                HAL_IncTick
 .text.HAL_GetTick
                0x080012ec        0xc ./Drivers/STM32H7xx_HAL_Driver/Src/stm32h7xx_hal.o
                0x080012ec                HAL_GetTick
 .text.HAL_Delay
                0x080012f8       0x24 ./Drivers/STM32H7xx_HAL_Driver/Src/stm32h7xx_hal.o
                0x080012f8                HAL_Delay
 .text.HAL_NVIC_SetPriorityGrouping
                0x0800131c       0x24 ./Drivers/STM32H7xx_HAL_Driver/Src/stm32h7xx_hal_cortex.o
                0x0800131c                HAL_NVIC_SetPriorityGrouping
 .text.HAL_NVIC_SetPriority
                0x08001340       0x64 ./Drivers/STM32H7xx_HAL_Driver/Src/stm32h7xx_hal_cortex.o
                0x08001340                HAL_NVIC_SetPriority
 .text.HAL_SYSTICK_Config
                0x080013a4       0x28 ./Drivers/STM32H7xx_HAL_Driver/Src/stm32h7xx_hal_cortex.o
                0x080013a4                HAL_SYSTICK_Config
 .text.HAL_MPU_Disable
                0x080013cc       0x1c ./Drivers/STM32H7xx_HAL_Driver/Src/stm32h7xx_hal_cortex.o
                0x080013cc                HAL_MPU_Disable
 .text.HAL_MPU_Enable
                0x080013e8       0x20 ./Drivers/STM32H7xx_HAL_Driver/Src/stm32h7xx_hal_cortex.o
                0x080013e8                HAL_MPU_Enable
 .text.HAL_MPU_ConfigRegion
                0x08001408       0x58 ./Drivers/STM32H7xx_HAL_Driver/Src/stm32h7xx_hal_cortex.o
                0x08001408                HAL_MPU_ConfigRegion
 .text.HAL_FLASH_Unlock
                0x08001460       0x24 ./Drivers/STM32H7xx_HAL_Driver/Src/stm32h7xx_hal_flash.o
                0x08001460                HAL_FLASH_Unlock
 .text.HAL_FLASH_Lock
                0x08001484       0x18 ./Drivers/STM32H7xx_HAL_Driver/Src/stm32h7xx_hal_flash.o
                0x08001484                HAL_FLASH_Lock
 .text.FLASH_WaitForLastOperation
                0x0800149c       0x60 ./Drivers/STM32H7xx_HAL_Driver/Src/stm32h7xx_hal_flash.o
                0x0800149c                FLASH_WaitForLastOperation
 .text.HAL_FLASH_Program
                0x080014fc       0x78 ./Drivers/STM32H7xx_HAL_Driver/Src/stm32h7xx_hal_flash.o
                0x080014fc                HAL_FLASH_Program
 .text.FLASH_Erase_Sector
                0x08001574       0x24 ./Drivers/STM32H7xx_HAL_Driver/Src/stm32h7xx_hal_flash_ex.o
                0x08001574                FLASH_Erase_Sector
 .text.HAL_GPIO_Init
                0x08001598      0x1cc ./Drivers/STM32H7xx_HAL_Driver/Src/stm32h7xx_hal_gpio.o
                0x08001598                HAL_GPIO_Init
 .text.HAL_GPIO_ReadPin
                0x08001764        0xc ./Drivers/STM32H7xx_HAL_Driver/Src/stm32h7xx_hal_gpio.o
                0x08001764                HAL_GPIO_ReadPin
 .text.HAL_GPIO_TogglePin
                0x08001770       0x12 ./Drivers/STM32H7xx_HAL_Driver/Src/stm32h7xx_hal_gpio.o
                0x08001770                HAL_GPIO_TogglePin
 *fill*         0x08001782        0x2 
 .text.HAL_PWREx_ConfigSupply
                0x08001784       0x48 ./Drivers/STM32H7xx_HAL_Driver/Src/stm32h7xx_hal_pwr_ex.o
                0x08001784                HAL_PWREx_ConfigSupply
 .text.HAL_RCC_DeInit
                0x080017cc      0x1a8 ./Drivers/STM32H7xx_HAL_Driver/Src/stm32h7xx_hal_rcc.o
                0x080017cc                HAL_RCC_DeInit
 .text.HAL_RCC_OscConfig
                0x08001974      0x4ec ./Drivers/STM32H7xx_HAL_Driver/Src/stm32h7xx_hal_rcc.o
                0x08001974                HAL_RCC_OscConfig
 .text.HAL_RCC_GetSysClockFreq
                0x08001e60      0x144 ./Drivers/STM32H7xx_HAL_Driver/Src/stm32h7xx_hal_rcc.o
                0x08001e60                HAL_RCC_GetSysClockFreq
 .text.HAL_RCC_ClockConfig
                0x08001fa4      0x24c ./Drivers/STM32H7xx_HAL_Driver/Src/stm32h7xx_hal_rcc.o
                0x08001fa4                HAL_RCC_ClockConfig
 .text.HAL_RCC_GetHCLKFreq
                0x080021f0       0x44 ./Drivers/STM32H7xx_HAL_Driver/Src/stm32h7xx_hal_rcc.o
                0x080021f0                HAL_RCC_GetHCLKFreq
 .text.HAL_RCC_GetPCLK1Freq
                0x08002234       0x24 ./Drivers/STM32H7xx_HAL_Driver/Src/stm32h7xx_hal_rcc.o
                0x08002234                HAL_RCC_GetPCLK1Freq
 .text.HAL_RCC_GetPCLK2Freq
                0x08002258       0x24 ./Drivers/STM32H7xx_HAL_Driver/Src/stm32h7xx_hal_rcc.o
                0x08002258                HAL_RCC_GetPCLK2Freq
 .text.RCCEx_PLL2_Config
                0x0800227c       0xec ./Drivers/STM32H7xx_HAL_Driver/Src/stm32h7xx_hal_rcc_ex.o
 .text.RCCEx_PLL3_Config
                0x08002368       0xec ./Drivers/STM32H7xx_HAL_Driver/Src/stm32h7xx_hal_rcc_ex.o
 .text.HAL_RCCEx_PeriphCLKConfig
                0x08002454      0x954 ./Drivers/STM32H7xx_HAL_Driver/Src/stm32h7xx_hal_rcc_ex.o
                0x08002454                HAL_RCCEx_PeriphCLKConfig
 .text.HAL_RCCEx_GetD3PCLK1Freq
                0x08002da8       0x24 ./Drivers/STM32H7xx_HAL_Driver/Src/stm32h7xx_hal_rcc_ex.o
                0x08002da8                HAL_RCCEx_GetD3PCLK1Freq
 .text.HAL_RCCEx_GetPLL2ClockFreq
                0x08002dcc      0x154 ./Drivers/STM32H7xx_HAL_Driver/Src/stm32h7xx_hal_rcc_ex.o
                0x08002dcc                HAL_RCCEx_GetPLL2ClockFreq
 .text.HAL_RCCEx_GetPLL3ClockFreq
                0x08002f20      0x154 ./Drivers/STM32H7xx_HAL_Driver/Src/stm32h7xx_hal_rcc_ex.o
                0x08002f20                HAL_RCCEx_GetPLL3ClockFreq
 .text.HAL_SPI_Init
                0x08003074      0x148 ./Drivers/STM32H7xx_HAL_Driver/Src/stm32h7xx_hal_spi.o
                0x08003074                HAL_SPI_Init
 .text.UART_EndRxTransfer
                0x080031bc       0x58 ./Drivers/STM32H7xx_HAL_Driver/Src/stm32h7xx_hal_uart.o
 .text.UART_SetConfig
                0x08003214      0x310 ./Drivers/STM32H7xx_HAL_Driver/Src/stm32h7xx_hal_uart.o
                0x08003214                UART_SetConfig
 .text.UART_AdvFeatureConfig
                0x08003524       0xaa ./Drivers/STM32H7xx_HAL_Driver/Src/stm32h7xx_hal_uart.o
                0x08003524                UART_AdvFeatureConfig
 .text.UART_WaitOnFlagUntilTimeout
                0x080035ce       0x90 ./Drivers/STM32H7xx_HAL_Driver/Src/stm32h7xx_hal_uart.o
                0x080035ce                UART_WaitOnFlagUntilTimeout
 .text.HAL_UART_Transmit
                0x0800365e       0xb6 ./Drivers/STM32H7xx_HAL_Driver/Src/stm32h7xx_hal_uart.o
                0x0800365e                HAL_UART_Transmit
 .text.UART_CheckIdleState
                0x08003714       0xb6 ./Drivers/STM32H7xx_HAL_Driver/Src/stm32h7xx_hal_uart.o
                0x08003714                UART_CheckIdleState
 .text.HAL_UART_Init
                0x080037ca       0x60 ./Drivers/STM32H7xx_HAL_Driver/Src/stm32h7xx_hal_uart.o
                0x080037ca                HAL_UART_Init
 *fill*         0x0800382a        0x2 
 .text.UARTEx_SetNbDataToProcess
                0x0800382c       0x44 ./Drivers/STM32H7xx_HAL_Driver/Src/stm32h7xx_hal_uart_ex.o
 .text.HAL_UARTEx_DisableFifoMode
                0x08003870       0x36 ./Drivers/STM32H7xx_HAL_Driver/Src/stm32h7xx_hal_uart_ex.o
                0x08003870                HAL_UARTEx_DisableFifoMode
 .text.HAL_UARTEx_SetTxFifoThreshold
                0x080038a6       0x40 ./Drivers/STM32H7xx_HAL_Driver/Src/stm32h7xx_hal_uart_ex.o
                0x080038a6                HAL_UARTEx_SetTxFifoThreshold
 .text.HAL_UARTEx_SetRxFifoThreshold
                0x080038e6       0x40 ./Drivers/STM32H7xx_HAL_Driver/Src/stm32h7xx_hal_uart_ex.o
                0x080038e6                HAL_UARTEx_SetRxFifoThreshold
 *fill*         0x08003926        0x2 
 .text.MX_FATFS_Init
                0x08003928       0x1c ./FATFS/App/fatfs.o
                0x08003928                MX_FATFS_Init
 .text.get_fattime
                0x08003944        0x4 ./FATFS/App/fatfs.o
                0x08003944                get_fattime
 .text.USER_initialize
                0x08003948        0x4 ./FATFS/Target/user_diskio.o
                0x08003948                USER_initialize
 .text.USER_status
                0x0800394c        0x4 ./FATFS/Target/user_diskio.o
                0x0800394c                USER_status
 .text.USER_read
                0x08003950        0x4 ./FATFS/Target/user_diskio.o
                0x08003950                USER_read
 .text.USER_write
                0x08003954        0x4 ./FATFS/Target/user_diskio.o
                0x08003954                USER_write
 .text.USER_ioctl
                0x08003958        0x4 ./FATFS/Target/user_diskio.o
                0x08003958                USER_ioctl
 .text.HAL_SPI_TransmitReceive_fast
                0x0800395c       0x78 ./FATFS/Target/user_diskio_spi.o
                0x0800395c                HAL_SPI_TransmitReceive_fast
 .text.receive_mmc1
                0x080039d4       0x16 ./FATFS/Target/user_diskio_spi.o
 .text.wait_ready
                0x080039ea       0x2a ./FATFS/Target/user_diskio_spi.o
 .text.receive_datablock
                0x08003a14       0x34 ./FATFS/Target/user_diskio_spi.o
 .text.transmit_mmc1.isra.0
                0x08003a48       0x18 ./FATFS/Target/user_diskio_spi.o
 .text.send_cmd
                0x08003a60       0x8a ./FATFS/Target/user_diskio_spi.o
 .text.transmit_datablock
                0x08003aea       0x4e ./FATFS/Target/user_diskio_spi.o
 .text.USER_SPI_status
                0x08003b38       0x30 ./FATFS/Target/user_diskio_spi.o
                0x08003b38                USER_SPI_status
 .text.USER_SPI_initialize
                0x08003b68      0x124 ./FATFS/Target/user_diskio_spi.o
                0x08003b68                USER_SPI_initialize
 .text.USER_SPI_read
                0x08003c8c       0x7c ./FATFS/Target/user_diskio_spi.o
                0x08003c8c                USER_SPI_read
 .text.USER_SPI_write
                0x08003d08       0xa0 ./FATFS/Target/user_diskio_spi.o
                0x08003d08                USER_SPI_write
 .text.USER_SPI_ioctl
                0x08003da8      0x240 ./FATFS/Target/user_diskio_spi.o
                0x08003da8                USER_SPI_ioctl
 .text.disk_status
                0x08003fe8       0x14 ./Middlewares/Third_Party/FatFs/src/diskio.o
                0x08003fe8                disk_status
 .text.disk_initialize
                0x08003ffc       0x28 ./Middlewares/Third_Party/FatFs/src/diskio.o
                0x08003ffc                disk_initialize
 .text.disk_read
                0x08004024       0x1c ./Middlewares/Third_Party/FatFs/src/diskio.o
                0x08004024                disk_read
 .text.disk_write
                0x08004040       0x1c ./Middlewares/Third_Party/FatFs/src/diskio.o
                0x08004040                disk_write
 .text.disk_ioctl
                0x0800405c       0x1c ./Middlewares/Third_Party/FatFs/src/diskio.o
                0x0800405c                disk_ioctl
 .text.ld_dword
                0x08004078        0x4 ./Middlewares/Third_Party/FatFs/src/ff.o
 .text.st_dword
                0x0800407c       0x10 ./Middlewares/Third_Party/FatFs/src/ff.o
 .text.mem_set  0x0800408c        0xc ./Middlewares/Third_Party/FatFs/src/ff.o
 .text.chk_lock
                0x08004098       0x74 ./Middlewares/Third_Party/FatFs/src/ff.o
 .text.inc_lock
                0x0800410c       0x84 ./Middlewares/Third_Party/FatFs/src/ff.o
 .text.dec_lock
                0x08004190       0x3c ./Middlewares/Third_Party/FatFs/src/ff.o
 .text.clear_lock
                0x080041cc       0x1c ./Middlewares/Third_Party/FatFs/src/ff.o
 .text.clust2sect
                0x080041e8       0x16 ./Middlewares/Third_Party/FatFs/src/ff.o
 .text.clmt_clust
                0x080041fe       0x22 ./Middlewares/Third_Party/FatFs/src/ff.o
 .text.get_ldnumber
                0x08004220       0x30 ./Middlewares/Third_Party/FatFs/src/ff.o
 .text.validate
                0x08004250       0x34 ./Middlewares/Third_Party/FatFs/src/ff.o
 .text.sync_window
                0x08004284       0x4a ./Middlewares/Third_Party/FatFs/src/ff.o
 .text.sync_fs  0x080042ce       0x96 ./Middlewares/Third_Party/FatFs/src/ff.o
 .text.mem_cpy.part.0
                0x08004364       0x12 ./Middlewares/Third_Party/FatFs/src/ff.o
 .text.st_clust
                0x08004376       0x18 ./Middlewares/Third_Party/FatFs/src/ff.o
 .text.move_window
                0x0800438e       0x30 ./Middlewares/Third_Party/FatFs/src/ff.o
 *fill*         0x080043be        0x2 
 .text.check_fs
                0x080043c0       0x78 ./Middlewares/Third_Party/FatFs/src/ff.o
 .text.find_volume
                0x08004438      0x244 ./Middlewares/Third_Party/FatFs/src/ff.o
 .text.put_fat  0x0800467c       0xee ./Middlewares/Third_Party/FatFs/src/ff.o
 .text.ld_clust.isra.0
                0x0800476a       0x10 ./Middlewares/Third_Party/FatFs/src/ff.o
 .text.get_fat.isra.0
                0x0800477a       0xac ./Middlewares/Third_Party/FatFs/src/ff.o
 .text.dir_sdi.constprop.0
                0x08004826       0x70 ./Middlewares/Third_Party/FatFs/src/ff.o
 .text.remove_chain
                0x08004896       0x6e ./Middlewares/Third_Party/FatFs/src/ff.o
 .text.create_chain
                0x08004904       0xb0 ./Middlewares/Third_Party/FatFs/src/ff.o
 .text.dir_next
                0x080049b4       0xec ./Middlewares/Third_Party/FatFs/src/ff.o
 .text.follow_path
                0x08004aa0      0x180 ./Middlewares/Third_Party/FatFs/src/ff.o
 .text.dir_read.constprop.0
                0x08004c20       0x52 ./Middlewares/Third_Party/FatFs/src/ff.o
 .text.dir_register
                0x08004c72       0x68 ./Middlewares/Third_Party/FatFs/src/ff.o
 *fill*         0x08004cda        0x2 
 .text.f_mount  0x08004cdc       0x4c ./Middlewares/Third_Party/FatFs/src/ff.o
                0x08004cdc                f_mount
 .text.f_open   0x08004d28      0x214 ./Middlewares/Third_Party/FatFs/src/ff.o
                0x08004d28                f_open
 .text.f_read   0x08004f3c      0x172 ./Middlewares/Third_Party/FatFs/src/ff.o
                0x08004f3c                f_read
 .text.f_sync   0x080050ae       0x96 ./Middlewares/Third_Party/FatFs/src/ff.o
                0x080050ae                f_sync
 .text.f_close  0x08005144       0x2a ./Middlewares/Third_Party/FatFs/src/ff.o
                0x08005144                f_close
 .text.f_lseek  0x0800516e      0x240 ./Middlewares/Third_Party/FatFs/src/ff.o
                0x0800516e                f_lseek
 .text.f_unlink
                0x080053ae       0xaa ./Middlewares/Third_Party/FatFs/src/ff.o
                0x080053ae                f_unlink
 .text.f_rename
                0x08005458      0x122 ./Middlewares/Third_Party/FatFs/src/ff.o
                0x08005458                f_rename
 *fill*         0x0800557a        0x2 
 .text.FATFS_LinkDriverEx
                0x0800557c       0x40 ./Middlewares/Third_Party/FatFs/src/ff_gen_drv.o
                0x0800557c                FATFS_LinkDriverEx
 .text.FATFS_LinkDriver
                0x080055bc        0x6 ./Middlewares/Third_Party/FatFs/src/ff_gen_drv.o
                0x080055bc                FATFS_LinkDriver
 .text.memset   0x080055c2       0x10 C:/ST/STM32CubeIDE2.1.1/STM32CubeIDE/plugins/com.st.stm32cube.ide.mcu.externaltools.gnu-tools-for-stm32.14.3.rel1.win32_1.0.100.202602081740/tools/bin/../lib/gcc/arm-none-eabi/14.3.1/../../../../arm-none-eabi/lib/thumb/v7e-m+dp/hard\libc_nano.a(libc_a-memset.o)
                0x080055c2                memset
 *fill*         0x080055d2        0x2 
 .text.__libc_init_array
                0x080055d4       0x48 C:/ST/STM32CubeIDE2.1.1/STM32CubeIDE/plugins/com.st.stm32cube.ide.mcu.externaltools.gnu-tools-for-stm32.14.3.rel1.win32_1.0.100.202602081740/tools/bin/../lib/gcc/arm-none-eabi/14.3.1/../../../../arm-none-eabi/lib/thumb/v7e-m+dp/hard\libc_nano.a(libc_a-init.o)
                0x080055d4                __libc_init_array
 *(.glue_7)
 .glue_7        0x0800561c        0x0 linker stubs
 *(.glue_7t)
 .glue_7t       0x0800561c        0x0 linker stubs
 *(.eh_frame)
 .eh_frame      0x0800561c        0x0 C:/ST/STM32CubeIDE2.1.1/STM32CubeIDE/plugins/com.st.stm32cube.ide.mcu.externaltools.gnu-tools-for-stm32.14.3.rel1.win32_1.0.100.202602081740/tools/bin/../lib/gcc/arm-none-eabi/14.3.1/thumb/v7e-m+dp/hard/crtbegin.o
 *(.init)
 .init          0x0800561c        0x4 C:/ST/STM32CubeIDE2.1.1/STM32CubeIDE/plugins/com.st.stm32cube.ide.mcu.externaltools.gnu-tools-for-stm32.14.3.rel1.win32_1.0.100.202602081740/tools/bin/../lib/gcc/arm-none-eabi/14.3.1/thumb/v7e-m+dp/hard/crti.o
                0x0800561c                _init
 .init          0x08005620        0x8 C:/ST/STM32CubeIDE2.1.1/STM32CubeIDE/plugins/com.st.stm32cube.ide.mcu.externaltools.gnu-tools-for-stm32.14.3.rel1.win32_1.0.100.202602081740/tools/bin/../lib/gcc/arm-none-eabi/14.3.1/thumb/v7e-m+dp/hard/crtn.o
 *(.fini)
 .fini          0x08005628        0x4 C:/ST/STM32CubeIDE2.1.1/STM32CubeIDE/plugins/com.st.stm32cube.ide.mcu.externaltools.gnu-tools-for-stm32.14.3.rel1.win32_1.0.100.202602081740/tools/bin/../lib/gcc/arm-none-eabi/14.3.1/thumb/v7e-m+dp/hard/crti.o
                0x08005628                _fini
 .fini          0x0800562c        0x8 C:/ST/STM32CubeIDE2.1.1/STM32CubeIDE/plugins/com.st.stm32cube.ide.mcu.externaltools.gnu-tools-for-stm32.14.3.rel1.win32_1.0.100.202602081740/tools/bin/../lib/gcc/arm-none-eabi/14.3.1/thumb/v7e-m+dp/hard/crtn.o
                0x08005634                        . = ALIGN (0x4)
                0x08005634                        _etext = .

.vfp11_veneer   0x08005634        0x0
 .vfp11_veneer  0x08005634        0x0 linker stubs

.v4_bx          0x08005634        0x0
 .v4_bx         0x08005634        0x0 linker stubs

.iplt           0x08005634        0x0
 .iplt          0x08005634        0x0 C:/ST/STM32CubeIDE2.1.1/STM32CubeIDE/plugins/com.st.stm32cube.ide.mcu.externaltools.gnu-tools-for-stm32.14.3.rel1.win32_1.0.100.202602081740/tools/bin/../lib/gcc/arm-none-eabi/14.3.1/thumb/v7e-m+dp/hard/crtbegin.o

.rodata         0x08005634      0x43c
                0x08005634                        . = ALIGN (0x4)
 *(.rodata)
 *(.rodata*)
 .rodata.compareFlashToFile.str1.1
                0x08005634      0x384 ./Core/Src/main.o
                                 0xac (size before relaxing)
 .rodata.CopyFileToFlashMemory.str1.1
                0x080059b8       0x72 ./Core/Src/main.o
 .rodata.main.str1.1
                0x080059b8      0x258 ./Core/Src/main.o
 .rodata.D1CorePrescTable
                0x080059b8       0x10 ./Core/Src/system_stm32h7xx.o
                0x080059b8                D1CorePrescTable
 .rodata.UARTPrescTable
                0x080059c8       0x18 ./Drivers/STM32H7xx_HAL_Driver/Src/stm32h7xx_hal_uart.o
                0x080059c8                UARTPrescTable
 .rodata.denominator.0
                0x080059e0        0x8 ./Drivers/STM32H7xx_HAL_Driver/Src/stm32h7xx_hal_uart_ex.o
 .rodata.numerator.1
                0x080059e8        0x8 ./Drivers/STM32H7xx_HAL_Driver/Src/stm32h7xx_hal_uart_ex.o
 .rodata.follow_path.str1.1
                0x080059f0        0xf ./Middlewares/Third_Party/FatFs/src/ff.o
 .rodata.ExCvt  0x080059f0       0x80 ./Middlewares/Third_Party/FatFs/src/ff.o
                0x08005c10                        . = ALIGN (0x4)

.ARM.extab
 *(.ARM.extab* .gnu.linkonce.armextab.*)

.ARM            0x08005a70        0x8
                0x08005a70                        __exidx_start = .
 *(.ARM.exidx*)
 .ARM.exidx     0x08005a70        0x8 C:/ST/STM32CubeIDE2.1.1/STM32CubeIDE/plugins/com.st.stm32cube.ide.mcu.externaltools.gnu-tools-for-stm32.14.3.rel1.win32_1.0.100.202602081740/tools/bin/../lib/gcc/arm-none-eabi/14.3.1/thumb/v7e-m+dp/hard\libgcc.a(_udivmoddi4.o)
                0x08005a78                        __exidx_end = .

.preinit_array  0x08005a78        0x0
                0x08005a78                        PROVIDE (__preinit_array_start = .)
 *(.preinit_array*)
                0x08005a78                        PROVIDE (__preinit_array_end = .)

.init_array     0x08005a78        0x4
                0x08005a78                        PROVIDE (__init_array_start = .)
 *(SORT_BY_NAME(.init_array.*))
 *(.init_array*)
 .init_array    0x08005a78        0x4 C:/ST/STM32CubeIDE2.1.1/STM32CubeIDE/plugins/com.st.stm32cube.ide.mcu.externaltools.gnu-tools-for-stm32.14.3.rel1.win32_1.0.100.202602081740/tools/bin/../lib/gcc/arm-none-eabi/14.3.1/thumb/v7e-m+dp/hard/crtbegin.o
                0x08005a7c                        PROVIDE (__init_array_end = .)

.fini_array     0x08005a7c        0x4
                [!provide]                        PROVIDE (__fini_array_start = .)
 *(SORT_BY_NAME(.fini_array.*))
 *(.fini_array*)
 .fini_array    0x08005a7c        0x4 C:/ST/STM32CubeIDE2.1.1/STM32CubeIDE/plugins/com.st.stm32cube.ide.mcu.externaltools.gnu-tools-for-stm32.14.3.rel1.win32_1.0.100.202602081740/tools/bin/../lib/gcc/arm-none-eabi/14.3.1/thumb/v7e-m+dp/hard/crtbegin.o
                [!provide]                        PROVIDE (__fini_array_end = .)
                0x08005a80                        _sidata = LOADADDR (.data)

.rel.dyn        0x08005a80        0x0
 .rel.iplt      0x08005a80        0x0 C:/ST/STM32CubeIDE2.1.1/STM32CubeIDE/plugins/com.st.stm32cube.ide.mcu.externaltools.gnu-tools-for-stm32.14.3.rel1.win32_1.0.100.202602081740/tools/bin/../lib/gcc/arm-none-eabi/14.3.1/thumb/v7e-m+dp/hard/crtbegin.o

.data           0x24000000       0x28 load address 0x08005a80
                0x24000000                        . = ALIGN (0x4)
                0x24000000                        _sdata = .
 *(.data)
 *(.data*)
 .data.SystemD2Clock
                0x24000000        0x4 ./Core/Src/system_stm32h7xx.o
                0x24000000                SystemD2Clock
 .data.SystemCoreClock
                0x24000004        0x4 ./Core/Src/system_stm32h7xx.o
                0x24000004                SystemCoreClock
 .data.uwTickFreq
                0x24000008        0x1 ./Drivers/STM32H7xx_HAL_Driver/Src/stm32h7xx_hal.o
                0x24000008                uwTickFreq
 *fill*         0x24000009        0x3 
 .data.uwTickPrio
                0x2400000c        0x4 ./Drivers/STM32H7xx_HAL_Driver/Src/stm32h7xx_hal.o
                0x2400000c                uwTickPrio
 .data.USER_Driver
                0x24000010       0x14 ./FATFS/Target/user_diskio.o
                0x24000010                USER_Driver
 .data.DiskStatus
                0x24000024        0x1 ./FATFS/Target/user_diskio_spi.o
 *(.RamFunc)
 *(.RamFunc*)
                0x24000028                        . = ALIGN (0x4)
 *fill*         0x24000025        0x3 
                0x24000028                        _edata = .

.igot.plt       0x24000028        0x0 load address 0x08005aa8
 .igot.plt      0x24000028        0x0 C:/ST/STM32CubeIDE2.1.1/STM32CubeIDE/plugins/com.st.stm32cube.ide.mcu.externaltools.gnu-tools-for-stm32.14.3.rel1.win32_1.0.100.202602081740/tools/bin/../lib/gcc/arm-none-eabi/14.3.1/thumb/v7e-m+dp/hard/crtbegin.o
                0x24000028                        . = ALIGN (0x4)

.bss            0x24000040     0x1600 load address 0x08005aa8
                0x24000040                        _sbss = .
                0x24000040                        __bss_start__ = _sbss
 *(.bss)
 .bss           0x24000040       0x1c C:/ST/STM32CubeIDE2.1.1/STM32CubeIDE/plugins/com.st.stm32cube.ide.mcu.externaltools.gnu-tools-for-stm32.14.3.rel1.win32_1.0.100.202602081740/tools/bin/../lib/gcc/arm-none-eabi/14.3.1/thumb/v7e-m+dp/hard/crtbegin.o
 *(.bss*)
 *fill*         0x2400005c        0x4 
 .bss.fileBuffer
                0x24000060     0x1000 ./Core/Src/main.o
                0x24000060                fileBuffer
 .bss.fileSize  0x24001060        0x4 ./Core/Src/main.o
                0x24001060                fileSize
 .bss.result    0x24001064        0x1 ./Core/Src/main.o
                0x24001064                result
 *fill*         0x24001065        0x3 
 .bss.fwFile    0x24001068      0x230 ./Core/Src/main.o
                0x24001068                fwFile
 .bss.FatFs     0x24001298      0x230 ./Core/Src/main.o
                0x24001298                FatFs
 .bss.huart1    0x240014c8       0x94 ./Core/Src/main.o
                0x240014c8                huart1
 .bss.hspi2     0x2400155c       0x88 ./Core/Src/main.o
                0x2400155c                hspi2
 .bss.uwTick    0x240015e4        0x4 ./Drivers/STM32H7xx_HAL_Driver/Src/stm32h7xx_hal.o
                0x240015e4                uwTick
 .bss.pFlash    0x240015e8       0x1c ./Drivers/STM32H7xx_HAL_Driver/Src/stm32h7xx_hal_flash.o
                0x240015e8                pFlash
 .bss.USERPath  0x24001604        0x4 ./FATFS/App/fatfs.o
                0x24001604                USERPath
 .bss.retUSER   0x24001608        0x1 ./FATFS/App/fatfs.o
                0x24001608                retUSER
 .bss.dummy.0   0x24001609        0x1 ./FATFS/Target/user_diskio_spi.o
 .bss.CardType  0x2400160a        0x1 ./FATFS/Target/user_diskio_spi.o
 *fill*         0x2400160b        0x1 
 .bss.Files     0x2400160c       0x20 ./Middlewares/Third_Party/FatFs/src/ff.o
 .bss.Fsid      0x2400162c        0x2 ./Middlewares/Third_Party/FatFs/src/ff.o
 *fill*         0x2400162e        0x2 
 .bss.FatFs     0x24001630        0x4 ./Middlewares/Third_Party/FatFs/src/ff.o
 .bss.disk      0x24001634        0xc ./Middlewares/Third_Party/FatFs/src/ff_gen_drv.o
                0x24001634                disk
 *(COMMON)
                0x24001640                        . = ALIGN (0x4)
                0x24001640                        _ebss = .
                0x24001640                        __bss_end__ = _ebss

._user_heap_stack
                0x24001640      0x600 load address 0x08005aa8
                0x24001640                        . = ALIGN (0x8)
                [!provide]                        PROVIDE (end = .)
                0x24001640                        PROVIDE (_end = .)
                0x24001840                        . = (. + _Min_Heap_Size)
 *fill*         0x24001640      0x200 
                0x24001c40                        . = (. + _Min_Stack_Size)
 *fill*         0x24001840      0x400 
                0x24001c40                        . = ALIGN (0x8)

/DISCARD/
 libc.a(*)
 libm.a(*)
 libgcc.a(*)

.ARM.attributes
                0x00000000       0x2e
 *(.ARM.attributes)
 .ARM.attributes
                0x00000000       0x20 C:/ST/STM32CubeIDE2.1.1/STM32CubeIDE/plugins/com.st.stm32cube.ide.mcu.externaltools.gnu-tools-for-stm32.14.3.rel1.win32_1.0.100.202602081740/tools/bin/../lib/gcc/arm-none-eabi/14.3.1/thumb/v7e-m+dp/hard/crti.o
 .ARM.attributes
                0x00000020       0x32 C:/ST/STM32CubeIDE2.1.1/STM32CubeIDE/plugins/com.st.stm32cube.ide.mcu.externaltools.gnu-tools-for-stm32.14.3.rel1.win32_1.0.100.202602081740/tools/bin/../lib/gcc/arm-none-eabi/14.3.1/thumb/v7e-m+dp/hard/crtbegin.o
 .ARM.attributes
                0x00000052       0x32 ./Core/Src/main.o
 .ARM.attributes
                0x00000084       0x32 ./Core/Src/stm32h7xx_hal_msp.o
 .ARM.attributes
                0x000000b6       0x32 ./Core/Src/stm32h7xx_it.o
 .ARM.attributes
                0x000000e8       0x32 ./Core/Src/system_stm32h7xx.o
 .ARM.attributes
                0x0000011a       0x21 ./Core/Startup/startup_stm32h723vgtx.o
 .ARM.attributes
                0x0000013b       0x32 ./Drivers/STM32H7xx_HAL_Driver/Src/stm32h7xx_hal.o
 .ARM.attributes
                0x0000016d       0x32 ./Drivers/STM32H7xx_HAL_Driver/Src/stm32h7xx_hal_cortex.o
 .ARM.attributes
                0x0000019f       0x32 ./Drivers/STM32H7xx_HAL_Driver/Src/stm32h7xx_hal_flash.o
 .ARM.attributes
                0x000001d1       0x32 ./Drivers/STM32H7xx_HAL_Driver/Src/stm32h7xx_hal_flash_ex.o
 .ARM.attributes
                0x00000203       0x32 ./Drivers/STM32H7xx_HAL_Driver/Src/stm32h7xx_hal_gpio.o
 .ARM.attributes
                0x00000235       0x32 ./Drivers/STM32H7xx_HAL_Driver/Src/stm32h7xx_hal_pwr_ex.o
 .ARM.attributes
                0x00000267       0x32 ./Drivers/STM32H7xx_HAL_Driver/Src/stm32h7xx_hal_rcc.o
 .ARM.attributes
                0x00000299       0x32 ./Drivers/STM32H7xx_HAL_Driver/Src/stm32h7xx_hal_rcc_ex.o
 .ARM.attributes
                0x000002cb       0x32 ./Drivers/STM32H7xx_HAL_Driver/Src/stm32h7xx_hal_spi.o
 .ARM.attributes
                0x000002fd       0x32 ./Drivers/STM32H7xx_HAL_Driver/Src/stm32h7xx_hal_uart.o
 .ARM.attributes
                0x0000032f       0x32 ./Drivers/STM32H7xx_HAL_Driver/Src/stm32h7xx_hal_uart_ex.o
 .ARM.attributes
                0x00000361       0x32 ./FATFS/App/fatfs.o
 .ARM.attributes
                0x00000393       0x32 ./FATFS/Target/user_diskio.o
 .ARM.attributes
                0x000003c5       0x32 ./FATFS/Target/user_diskio_spi.o
 .ARM.attributes
                0x000003f7       0x32 ./Middlewares/Third_Party/FatFs/src/diskio.o
 .ARM.attributes
                0x00000429       0x32 ./Middlewares/Third_Party/FatFs/src/ff.o
 .ARM.attributes
                0x0000045b       0x32 ./Middlewares/Third_Party/FatFs/src/ff_gen_drv.o
 .ARM.attributes
                0x0000048d       0x32 C:/ST/STM32CubeIDE2.1.1/STM32CubeIDE/plugins/com.st.stm32cube.ide.mcu.externaltools.gnu-tools-for-stm32.14.3.rel1.win32_1.0.100.202602081740/tools/bin/../lib/gcc/arm-none-eabi/14.3.1/../../../../arm-none-eabi/lib/thumb/v7e-m+dp/hard\libc_nano.a(libc_a-memset.o)
 .ARM.attributes
                0x000004bf       0x32 C:/ST/STM32CubeIDE2.1.1/STM32CubeIDE/plugins/com.st.stm32cube.ide.mcu.externaltools.gnu-tools-for-stm32.14.3.rel1.win32_1.0.100.202602081740/tools/bin/../lib/gcc/arm-none-eabi/14.3.1/../../../../arm-none-eabi/lib/thumb/v7e-m+dp/hard\libc_nano.a(libc_a-init.o)
 .ARM.attributes
                0x000004f1       0x20 C:/ST/STM32CubeIDE2.1.1/STM32CubeIDE/plugins/com.st.stm32cube.ide.mcu.externaltools.gnu-tools-for-stm32.14.3.rel1.win32_1.0.100.202602081740/tools/bin/../lib/gcc/arm-none-eabi/14.3.1/thumb/v7e-m+dp/hard\libgcc.a(_aeabi_uldivmod.o)
 .ARM.attributes
                0x00000511       0x32 C:/ST/STM32CubeIDE2.1.1/STM32CubeIDE/plugins/com.st.stm32cube.ide.mcu.externaltools.gnu-tools-for-stm32.14.3.rel1.win32_1.0.100.202602081740/tools/bin/../lib/gcc/arm-none-eabi/14.3.1/thumb/v7e-m+dp/hard\libgcc.a(_udivmoddi4.o)
 .ARM.attributes
                0x00000543       0x20 C:/ST/STM32CubeIDE2.1.1/STM32CubeIDE/plugins/com.st.stm32cube.ide.mcu.externaltools.gnu-tools-for-stm32.14.3.rel1.win32_1.0.100.202602081740/tools/bin/../lib/gcc/arm-none-eabi/14.3.1/thumb/v7e-m+dp/hard\libgcc.a(_dvmd_tls.o)
 .ARM.attributes
                0x00000563       0x20 C:/ST/STM32CubeIDE2.1.1/STM32CubeIDE/plugins/com.st.stm32cube.ide.mcu.externaltools.gnu-tools-for-stm32.14.3.rel1.win32_1.0.100.202602081740/tools/bin/../lib/gcc/arm-none-eabi/14.3.1/thumb/v7e-m+dp/hard/crtn.o
OUTPUT(STM32H723_SDCARD.elf elf32-littlearm)
LOAD linker stubs
LOAD C:/ST/STM32CubeIDE2.1.1/STM32CubeIDE/plugins/com.st.stm32cube.ide.mcu.externaltools.gnu-tools-for-stm32.14.3.rel1.win32_1.0.100.202602081740/tools/bin/../lib/gcc/arm-none-eabi/14.3.1/../../../../arm-none-eabi/lib/thumb/v7e-m+dp/hard\libc.a
LOAD C:/ST/STM32CubeIDE2.1.1/STM32CubeIDE/plugins/com.st.stm32cube.ide.mcu.externaltools.gnu-tools-for-stm32.14.3.rel1.win32_1.0.100.202602081740/tools/bin/../lib/gcc/arm-none-eabi/14.3.1/../../../../arm-none-eabi/lib/thumb/v7e-m+dp/hard\libm.a
LOAD C:/ST/STM32CubeIDE2.1.1/STM32CubeIDE/plugins/com.st.stm32cube.ide.mcu.externaltools.gnu-tools-for-stm32.14.3.rel1.win32_1.0.100.202602081740/tools/bin/../lib/gcc/arm-none-eabi/14.3.1/thumb/v7e-m+dp/hard\libgcc.a

.comment        0x00000000       0x43
 .comment       0x00000000       0x43 ./Core/Src/main.o
                                 0x44 (size before relaxing)
 .comment       0x00000043       0x44 ./Core/Src/stm32h7xx_hal_msp.o
 .comment       0x00000043       0x44 ./Core/Src/stm32h7xx_it.o
 .comment       0x00000043       0x44 ./Core/Src/system_stm32h7xx.o
 .comment       0x00000043       0x44 ./Drivers/STM32H7xx_HAL_Driver/Src/stm32h7xx_hal.o
 .comment       0x00000043       0x44 ./Drivers/STM32H7xx_HAL_Driver/Src/stm32h7xx_hal_cortex.o
 .comment       0x00000043       0x44 ./Drivers/STM32H7xx_HAL_Driver/Src/stm32h7xx_hal_flash.o
 .comment       0x00000043       0x44 ./Drivers/STM32H7xx_HAL_Driver/Src/stm32h7xx_hal_flash_ex.o
 .comment       0x00000043       0x44 ./Drivers/STM32H7xx_HAL_Driver/Src/stm32h7xx_hal_gpio.o
 .comment       0x00000043       0x44 ./Drivers/STM32H7xx_HAL_Driver/Src/stm32h7xx_hal_pwr_ex.o
 .comment       0x00000043       0x44 ./Drivers/STM32H7xx_HAL_Driver/Src/stm32h7xx_hal_rcc.o
 .comment       0x00000043       0x44 ./Drivers/STM32H7xx_HAL_Driver/Src/stm32h7xx_hal_rcc_ex.o
 .comment       0x00000043       0x44 ./Drivers/STM32H7xx_HAL_Driver/Src/stm32h7xx_hal_spi.o
 .comment       0x00000043       0x44 ./Drivers/STM32H7xx_HAL_Driver/Src/stm32h7xx_hal_uart.o
 .comment       0x00000043       0x44 ./Drivers/STM32H7xx_HAL_Driver/Src/stm32h7xx_hal_uart_ex.o
 .comment       0x00000043       0x44 ./FATFS/App/fatfs.o
 .comment       0x00000043       0x44 ./FATFS/Target/user_diskio.o
 .comment       0x00000043       0x44 ./FATFS/Target/user_diskio_spi.o
 .comment       0x00000043       0x44 ./Middlewares/Third_Party/FatFs/src/diskio.o
 .comment       0x00000043       0x44 ./Middlewares/Third_Party/FatFs/src/ff.o
 .comment       0x00000043       0x44 ./Middlewares/Third_Party/FatFs/src/ff_gen_drv.o

.debug_frame    0x00000000       0xac
 .debug_frame   0x00000000       0x20 C:/ST/STM32CubeIDE2.1.1/STM32CubeIDE/plugins/com.st.stm32cube.ide.mcu.externaltools.gnu-tools-for-stm32.14.3.rel1.win32_1.0.100.202602081740/tools/bin/../lib/gcc/arm-none-eabi/14.3.1/../../../../arm-none-eabi/lib/thumb/v7e-m+dp/hard\libc_nano.a(libc_a-memset.o)
 .debug_frame   0x00000020       0x2c C:/ST/STM32CubeIDE2.1.1/STM32CubeIDE/plugins/com.st.stm32cube.ide.mcu.externaltools.gnu-tools-for-stm32.14.3.rel1.win32_1.0.100.202602081740/tools/bin/../lib/gcc/arm-none-eabi/14.3.1/../../../../arm-none-eabi/lib/thumb/v7e-m+dp/hard\libc_nano.a(libc_a-init.o)
 .debug_frame   0x0000004c       0x2c C:/ST/STM32CubeIDE2.1.1/STM32CubeIDE/plugins/com.st.stm32cube.ide.mcu.externaltools.gnu-tools-for-stm32.14.3.rel1.win32_1.0.100.202602081740/tools/bin/../lib/gcc/arm-none-eabi/14.3.1/thumb/v7e-m+dp/hard\libgcc.a(_aeabi_uldivmod.o)
 .debug_frame   0x00000078       0x34 C:/ST/STM32CubeIDE2.1.1/STM32CubeIDE/plugins/com.st.stm32cube.ide.mcu.externaltools.gnu-tools-for-stm32.14.3.rel1.win32_1.0.100.202602081740/tools/bin/../lib/gcc/arm-none-eabi/14.3.1/thumb/v7e-m+dp/hard\libgcc.a(_udivmoddi4.o)
